Archive member included to satisfy reference by file (symbol)

../Middlewares/ST/AI/Lib\NetworkRuntime710_CM4_GCC.a(ai_platform.o)
                              ./X-CUBE-AI/App/gesture.o (ai_buffer_array_item_set_address)
../Middlewares/ST/AI/Lib\NetworkRuntime710_CM4_GCC.a(ai_platform_interface.o)
                              ./X-CUBE-AI/App/gesture.o (ai_platform_get_weights_map)
../Middlewares/ST/AI/Lib\NetworkRuntime710_CM4_GCC.a(core_mem_manager.o)
                              ../Middlewares/ST/AI/Lib\NetworkRuntime710_CM4_GCC.a(ai_platform_interface.o) (core_mem_alloc)
../Middlewares/ST/AI/Lib\NetworkRuntime710_CM4_GCC.a(core_common.o)
                              ../Middlewares/ST/AI/Lib\NetworkRuntime710_CM4_GCC.a(ai_platform_interface.o) (core_init)
../Middlewares/ST/AI/Lib\NetworkRuntime710_CM4_GCC.a(layers_conv2d_generic_float.o)
                              ./X-CUBE-AI/App/gesture.o (forward_dense)
../Middlewares/ST/AI/Lib\NetworkRuntime710_CM4_GCC.a(layers_nl_generic_float.o)
                              ./X-CUBE-AI/App/gesture.o (forward_relu)
../Middlewares/ST/AI/Lib\NetworkRuntime710_CM4_GCC.a(layers.o)
                              ../Middlewares/ST/AI/Lib\NetworkRuntime710_CM4_GCC.a(ai_platform_interface.o) (ai_check_custom_types)
../Middlewares/ST/AI/Lib\NetworkRuntime710_CM4_GCC.a(arm_mat_init_f32.o)
                              ../Middlewares/ST/AI/Lib\NetworkRuntime710_CM4_GCC.a(layers_conv2d_generic_float.o) (st_dsp_arm_mat_init_f32)
../Middlewares/ST/AI/Lib\NetworkRuntime710_CM4_GCC.a(ai_datatypes_internal.o)
                              ../Middlewares/ST/AI/Lib\NetworkRuntime710_CM4_GCC.a(ai_platform_interface.o) (ai_version_get)
../Middlewares/ST/AI/Lib\NetworkRuntime710_CM4_GCC.a(ai_datatypes_format.o)
                              ../Middlewares/ST/AI/Lib\NetworkRuntime710_CM4_GCC.a(ai_platform_interface.o) (ai_array_to_buffer_fmt)
../Middlewares/ST/AI/Lib\NetworkRuntime710_CM4_GCC.a(ai_math_helpers.o)
                              ../Middlewares/ST/AI/Lib\NetworkRuntime710_CM4_GCC.a(layers_nl_generic_float.o) (ai_math_sqrt)
../Middlewares/ST/AI/Lib\NetworkRuntime710_CM4_GCC.a(st_convolve_reference.o)
                              ../Middlewares/ST/AI/Lib\NetworkRuntime710_CM4_GCC.a(ai_math_helpers.o) (align_factor)
c:/st/stm32cubeide_1.8.0/stm32cubeide/plugins/com.st.stm32cube.ide.mcu.externaltools.gnu-tools-for-stm32.9-2020-q2-update.win32_2.0.0.202105311346/tools/bin/../lib/gcc/arm-none-eabi/9.3.1/../../../../arm-none-eabi/lib/thumb/v7e-m+fp/hard\libc_nano.a(lib_a-errno.o)
                              ./Core/Src/sysmem.o (__errno)
c:/st/stm32cubeide_1.8.0/stm32cubeide/plugins/com.st.stm32cube.ide.mcu.externaltools.gnu-tools-for-stm32.9-2020-q2-update.win32_2.0.0.202105311346/tools/bin/../lib/gcc/arm-none-eabi/9.3.1/../../../../arm-none-eabi/lib/thumb/v7e-m+fp/hard\libc_nano.a(lib_a-exit.o)
                              c:/st/stm32cubeide_1.8.0/stm32cubeide/plugins/com.st.stm32cube.ide.mcu.externaltools.gnu-tools-for-stm32.9-2020-q2-update.win32_2.0.0.202105311346/tools/bin/../lib/gcc/arm-none-eabi/9.3.1/../../../../arm-none-eabi/lib/thumb/v7e-m+fp/hard/crt0.o (exit)
c:/st/stm32cubeide_1.8.0/stm32cubeide/plugins/com.st.stm32cube.ide.mcu.externaltools.gnu-tools-for-stm32.9-2020-q2-update.win32_2.0.0.202105311346/tools/bin/../lib/gcc/arm-none-eabi/9.3.1/../../../../arm-none-eabi/lib/thumb/v7e-m+fp/hard\libc_nano.a(lib_a-impure.o)
                              c:/st/stm32cubeide_1.8.0/stm32cubeide/plugins/com.st.stm32cube.ide.mcu.externaltools.gnu-tools-for-stm32.9-2020-q2-update.win32_2.0.0.202105311346/tools/bin/../lib/gcc/arm-none-eabi/9.3.1/../../../../arm-none-eabi/lib/thumb/v7e-m+fp/hard\libc_nano.a(lib_a-exit.o) (_global_impure_ptr)
c:/st/stm32cubeide_1.8.0/stm32cubeide/plugins/com.st.stm32cube.ide.mcu.externaltools.gnu-tools-for-stm32.9-2020-q2-update.win32_2.0.0.202105311346/tools/bin/../lib/gcc/arm-none-eabi/9.3.1/../../../../arm-none-eabi/lib/thumb/v7e-m+fp/hard\libc_nano.a(lib_a-init.o)
                              c:/st/stm32cubeide_1.8.0/stm32cubeide/plugins/com.st.stm32cube.ide.mcu.externaltools.gnu-tools-for-stm32.9-2020-q2-update.win32_2.0.0.202105311346/tools/bin/../lib/gcc/arm-none-eabi/9.3.1/../../../../arm-none-eabi/lib/thumb/v7e-m+fp/hard/crt0.o (__libc_init_array)
c:/st/stm32cubeide_1.8.0/stm32cubeide/plugins/com.st.stm32cube.ide.mcu.externaltools.gnu-tools-for-stm32.9-2020-q2-update.win32_2.0.0.202105311346/tools/bin/../lib/gcc/arm-none-eabi/9.3.1/../../../../arm-none-eabi/lib/thumb/v7e-m+fp/hard\libc_nano.a(lib_a-malloc.o)
                              ../Middlewares/ST/AI/Lib\NetworkRuntime710_CM4_GCC.a(core_mem_manager.o) (malloc)
c:/st/stm32cubeide_1.8.0/stm32cubeide/plugins/com.st.stm32cube.ide.mcu.externaltools.gnu-tools-for-stm32.9-2020-q2-update.win32_2.0.0.202105311346/tools/bin/../lib/gcc/arm-none-eabi/9.3.1/../../../../arm-none-eabi/lib/thumb/v7e-m+fp/hard\libc_nano.a(lib_a-memcpy-stub.o)
[...]
Memory Configuration

Name             Origin             Length             Attributes
CCMRAM           0x0000000010000000 0x0000000000010000 xrw
RAM              0x0000000020000000 0x000000000001c000 xrw
FLASH            0x0000000008000000 0x0000000000100000 xr
*default*        0x0000000000000000 0xffffffffffffffff

Linker script and memory map

LOAD c:/st/stm32cubeide_1.8.0/stm32cubeide/plugins/com.st.stm32cube.ide.mcu.externaltools.gnu-tools-for-stm32.9-2020-q2-update.win32_2.0.0.202105311346/tools/bin/../lib/gcc/arm-none-eabi/9.3.1/thumb/v7e-m+fp/hard/crti.o
LOAD c:/st/stm32cubeide_1.8.0/stm32cubeide/plugins/com.st.stm32cube.ide.mcu.externaltools.gnu-tools-for-stm32.9-2020-q2-update.win32_2.0.0.202105311346/tools/bin/../lib/gcc/arm-none-eabi/9.3.1/thumb/v7e-m+fp/hard/crtbegin.o
LOAD c:/st/stm32cubeide_1.8.0/stm32cubeide/plugins/com.st.stm32cube.ide.mcu.externaltools.gnu-tools-for-stm32.9-2020-q2-update.win32_2.0.0.202105311346/tools/bin/../lib/gcc/arm-none-eabi/9.3.1/../../../../arm-none-eabi/lib/thumb/v7e-m+fp/hard/crt0.o
LOAD ./Core/Src/MY_LIS3DSH.o
LOAD ./Core/Src/main.o
LOAD ./Core/Src/stm32f4xx_hal_msp.o
LOAD ./Core/Src/stm32f4xx_it.o
LOAD ./Core/Src/sysmem.o
LOAD ./Core/Src/system_stm32f4xx.o
LOAD ./Core/Startup/startup_stm32f407vgtx.o
LOAD ./Drivers/STM32F4xx_HAL_Driver/Src/stm32f4xx_hal.o
LOAD ./Drivers/STM32F4xx_HAL_Driver/Src/stm32f4xx_hal_cortex.o
LOAD ./Drivers/STM32F4xx_HAL_Driver/Src/stm32f4xx_hal_crc.o
LOAD ./Drivers/STM32F4xx_HAL_Driver/Src/stm32f4xx_hal_dma.o
LOAD ./Drivers/STM32F4xx_HAL_Driver/Src/stm32f4xx_hal_dma_ex.o
LOAD ./Drivers/STM32F4xx_HAL_Driver/Src/stm32f4xx_hal_exti.o
LOAD ./Drivers/STM32F4xx_HAL_Driver/Src/stm32f4xx_hal_flash.o
LOAD ./Drivers/STM32F4xx_HAL_Driver/Src/stm32f4xx_hal_flash_ex.o
LOAD ./Drivers/STM32F4xx_HAL_Driver/Src/stm32f4xx_hal_flash_ramfunc.o
LOAD ./Drivers/STM32F4xx_HAL_Driver/Src/stm32f4xx_hal_gpio.o
LOAD ./Drivers/STM32F4xx_HAL_Driver/Src/stm32f4xx_hal_pwr.o
LOAD ./Drivers/STM32F4xx_HAL_Driver/Src/stm32f4xx_hal_pwr_ex.o
LOAD ./Drivers/STM32F4xx_HAL_Driver/Src/stm32f4xx_hal_rcc.o
LOAD ./Drivers/STM32F4xx_HAL_Driver/Src/stm32f4xx_hal_rcc_ex.o
LOAD ./Drivers/STM32F4xx_HAL_Driver/Src/stm32f4xx_hal_spi.o
LOAD ./Drivers/STM32F4xx_HAL_Driver/Src/stm32f4xx_hal_tim.o
LOAD ./Drivers/STM32F4xx_HAL_Driver/Src/stm32f4xx_hal_tim_ex.o
LOAD ./Drivers/STM32F4xx_HAL_Driver/Src/stm32f4xx_hal_uart.o
LOAD ./X-CUBE-AI/App/gesture.o
LOAD ./X-CUBE-AI/App/gesture_data.o
LOAD ../Middlewares/ST/AI/Lib\NetworkRuntime710_CM4_GCC.a
START GROUP
LOAD c:/st/stm32cubeide_1.8.0/stm32cubeide/plugins/com.st.stm32cube.ide.mcu.externaltools.gnu-tools-for-stm32.9-2020-q2-update.win32_2.0.0.202105311346/tools/bin/../lib/gcc/arm-none-eabi/9.3.1/../../../../arm-none-eabi/lib/thumb/v7e-m+fp/hard\libc_nano.a
LOAD c:/st/stm32cubeide_1.8.0/stm32cubeide/plugins/com.st.stm32cube.ide.mcu.externaltools.gnu-tools-for-stm32.9-2020-q2-update.win32_2.0.0.202105311346/tools/bin/../lib/gcc/arm-none-eabi/9.3.1/../../../../arm-none-eabi/lib/thumb/v7e-m+fp/hard\libm.a
END GROUP
START GROUP
LOAD c:/st/stm32cubeide_1.8.0/stm32cubeide/plugins/com.st.stm32cube.ide.mcu.externaltools.gnu-tools-for-stm32.9-2020-q2-update.win32_2.0.0.202105311346/tools/bin/../lib/gcc/arm-none-eabi/9.3.1/thumb/v7e-m+fp/hard\libgcc.a
LOAD c:/st/stm32cubeide_1.8.0/stm32cubeide/plugins/com.st.stm32cube.ide.mcu.externaltools.gnu-tools-for-stm32.9-2020-q2-update.win32_2.0.0.202105311346/tools/bin/../lib/gcc/arm-none-eabi/9.3.1/../../../../arm-none-eabi/lib/thumb/v7e-m+fp/hard\libc_nano.a
END GROUP
START GROUP
LOAD c:/st/stm32cubeide_1.8.0/stm32cubeide/plugins/com.st.stm32cube.ide.mcu.externaltools.gnu-tools-for-stm32.9-2020-q2-update.win32_2.0.0.202105311346/tools/bin/../lib/gcc/arm-none-eabi/9.3.1/thumb/v7e-m+fp/hard\libgcc.a
LOAD c:/st/stm32cubeide_1.8.0/stm32cubeide/plugins/com.st.stm32cube.ide.mcu.externaltools.gnu-tools-for-stm32.9-2020-q2-update.win32_2.0.0.202105311346/tools/bin/../lib/gcc/arm-none-eabi/9.3.1/../../../../arm-none-eabi/lib/thumb/v7e-m+fp/hard\libc_nano.a
LOAD c:/st/stm32cubeide_1.8.0/stm32cubeide/plugins/com.st.stm32cube.ide.mcu.externaltools.gnu-tools-for-stm32.9-2020-q2-update.win32_2.0.0.202105311346/tools/bin/../lib/gcc/arm-none-eabi/9.3.1/../../../../arm-none-eabi/lib/thumb/v7e-m+fp/hard\libnosys.a
END GROUP
START GROUP
LOAD c:/st/stm32cubeide_1.8.0/stm32cubeide/plugins/com.st.stm32cube.ide.mcu.externaltools.gnu-tools-for-stm32.9-2020-q2-update.win32_2.0.0.202105311346/tools/bin/../lib/gcc/arm-none-eabi/9.3.1/thumb/v7e-m+fp/hard\libgcc.a
LOAD c:/st/stm32cubeide_1.8.0/stm32cubeide/plugins/com.st.stm32cube.ide.mcu.externaltools.gnu-tools-for-stm32.9-2020-q2-update.win32_2.0.0.202105311346/tools/bin/../lib/gcc/arm-none-eabi/9.3.1/../../../../arm-none-eabi/lib/thumb/v7e-m+fp/hard\libc_nano.a
LOAD c:/st/stm32cubeide_1.8.0/stm32cubeide/plugins/com.st.stm32cube.ide.mcu.externaltools.gnu-tools-for-stm32.9-2020-q2-update.win32_2.0.0.202105311346/tools/bin/../lib/gcc/arm-none-eabi/9.3.1/../../../../arm-none-eabi/lib/thumb/v7e-m+fp/hard\libnosys.a
END GROUP
LOAD c:/st/stm32cubeide_1.8.0/stm32cubeide/plugins/com.st.stm32cube.ide.mcu.externaltools.gnu-tools-for-stm32.9-2020-q2-update.win32_2.0.0.202105311346/tools/bin/../lib/gcc/arm-none-eabi/9.3.1/thumb/v7e-m+fp/hard/crtend.o
LOAD c:/st/stm32cubeide_1.8.0/stm32cubeide/plugins/com.st.stm32cube.ide.mcu.externaltools.gnu-tools-for-stm32.9-2020-q2-update.win32_2.0.0.202105311346/tools/bin/../lib/gcc/arm-none-eabi/9.3.1/thumb/v7e-m+fp/hard/crtn.o
                0x000000002001c000                _estack = (ORIGIN (RAM) + LENGTH (RAM))
                0x0000000000000800                _Min_Heap_Size = 0x800
                0x0000000000000800                _Min_Stack_Size = 0x800

.isr_vector     0x0000000008000000      0x188
                0x0000000008000000                . = ALIGN (0x4)
 *(.isr_vector)
 .isr_vector    0x0000000008000000      0x188 ./Core/Startup/startup_stm32f407vgtx.o
                0x0000000008000000                g_pfnVectors
                0x0000000008000188                . = ALIGN (0x4)

.text           0x0000000008000190     0x85b4
                0x0000000008000190                . = ALIGN (0x4)
 *(.text)
 .text          0x0000000008000190       0x40 c:/st/stm32cubeide_1.8.0/stm32cubeide/plugins/com.st.stm32cube.ide.mcu.externaltools.gnu-tools-for-stm32.9-2020-q2-update.win32_2.0.0.202105311346/tools/bin/../lib/gcc/arm-none-eabi/9.3.1/thumb/v7e-m+fp/hard/crtbegin.o
 .text          0x00000000080001d0       0xa0 c:/st/stm32cubeide_1.8.0/stm32cubeide/plugins/com.st.stm32cube.ide.mcu.externaltools.gnu-tools-for-stm32.9-2020-q2-update.win32_2.0.0.202105311346/tools/bin/../lib/gcc/arm-none-eabi/9.3.1/../../../../arm-none-eabi/lib/thumb/v7e-m+fp/hard\libc_nano.a(lib_a-memchr.o)
                0x00000000080001d0                memchr
 .text          0x0000000008000270      0x254 c:/st/stm32cubeide_1.8.0/stm32cubeide/plugins/com.st.stm32cube.ide.mcu.externaltools.gnu-tools-for-stm32.9-2020-q2-update.win32_2.0.0.202105311346/tools/bin/../lib/gcc/arm-none-eabi/9.3.1/thumb/v7e-m+fp/hard\libgcc.a(_arm_muldf3.o)
                0x0000000008000270                __muldf3
                0x0000000008000270                __aeabi_dmul
 .text          0x00000000080004c4      0x378 c:/st/stm32cubeide_1.8.0/stm32cubeide/plugins/com.st.stm32cube.ide.mcu.externaltools.gnu-tools-for-stm32.9-2020-q2-update.win32_2.0.0.202105311346/tools/bin/../lib/gcc/arm-none-eabi/9.3.1/thumb/v7e-m+fp/hard\libgcc.a(_arm_addsubdf3.o)
                0x00000000080004c4                __aeabi_drsub
                0x00000000080004cc                __aeabi_dsub
                0x00000000080004cc                __subdf3
                0x00000000080004d0                __aeabi_dadd
                0x00000000080004d0                __adddf3
                0x0000000008000748                __floatunsidf
                0x0000000008000748                __aeabi_ui2d
                0x0000000008000768                __floatsidf
                0x0000000008000768                __aeabi_i2d
                0x000000000800078c                __aeabi_f2d
                0x000000000800078c                __extendsfdf2
                0x00000000080007d0                __floatundidf
                0x00000000080007d0                __aeabi_ul2d
                0x00000000080007e0                __floatdidf
                0x00000000080007e0                __aeabi_l2d
 .text          0x000000000800083c      0x110 c:/st/stm32cubeide_1.8.0/stm32cubeide/plugins/com.st.stm32cube.ide.mcu.externaltools.gnu-tools-for-stm32.9-2020-q2-update.win32_2.0.0.202105311346/tools/bin/../lib/gcc/arm-none-eabi/9.3.1/thumb/v7e-m+fp/hard\libgcc.a(_arm_cmpdf2.o)
                0x000000000800083c                __gtdf2
                0x000000000800083c                __gedf2
                0x0000000008000844                __ltdf2
                0x0000000008000844                __ledf2
                0x000000000800084c                __nedf2
                0x000000000800084c                __eqdf2
                0x000000000800084c                __cmpdf2
                0x00000000080008c8                __aeabi_cdrcmple
                0x00000000080008d8                __aeabi_cdcmpeq
                0x00000000080008d8                __aeabi_cdcmple
                0x00000000080008e8                __aeabi_dcmpeq
                0x00000000080008fc                __aeabi_dcmplt
                0x0000000008000910                __aeabi_dcmple
                0x0000000008000924                __aeabi_dcmpge
                0x0000000008000938                __aeabi_dcmpgt
 .text          0x000000000800094c       0xa0 c:/st/stm32cubeide_1.8.0/stm32cubeide/plugins/com.st.stm32cube.ide.mcu.externaltools.gnu-tools-for-stm32.9-2020-q2-update.win32_2.0.0.202105311346/tools/bin/../lib/gcc/arm-none-eabi/9.3.1/thumb/v7e-m+fp/hard\libgcc.a(_arm_truncdfsf2.o)
                0x000000000800094c                __truncdfsf2
                0x000000000800094c                __aeabi_d2f
 .text          0x00000000080009ec       0x30 c:/st/stm32cubeide_1.8.0/stm32cubeide/plugins/com.st.stm32cube.ide.mcu.externaltools.gnu-tools-for-stm32.9-2020-q2-update.win32_2.0.0.202105311346/tools/bin/../lib/gcc/arm-none-eabi/9.3.1/thumb/v7e-m+fp/hard\libgcc.a(_aeabi_uldivmod.o)
                0x00000000080009ec                __aeabi_uldivmod
 .text          0x0000000008000a1c      0x2c4 c:/st/stm32cubeide_1.8.0/stm32cubeide/plugins/com.st.stm32cube.ide.mcu.externaltools.gnu-tools-for-stm32.9-2020-q2-update.win32_2.0.0.202105311346/tools/bin/../lib/gcc/arm-none-eabi/9.3.1/thumb/v7e-m+fp/hard\libgcc.a(_udivmoddi4.o)
                0x0000000008000a1c                __udivmoddi4
 .text          0x0000000008000ce0        0x4 c:/st/stm32cubeide_1.8.0/stm32cubeide/plugins/com.st.stm32cube.ide.mcu.externaltools.gnu-tools-for-stm32.9-2020-q2-update.win32_2.0.0.202105311346/tools/bin/../lib/gcc/arm-none-eabi/9.3.1/thumb/v7e-m+fp/hard\libgcc.a(_dvmd_tls.o)
                0x0000000008000ce0                __aeabi_idiv0
                0x0000000008000ce0                __aeabi_ldiv0
 *(.text*)
 .text.LIS3DSH_WriteIO
                0x0000000008000ce4       0x54 ./Core/Src/MY_LIS3DSH.o
                0x0000000008000ce4                LIS3DSH_WriteIO
 .text.LIS3DSH_ReadIO
                0x0000000008000d38       0x8c ./Core/Src/MY_LIS3DSH.o
                0x0000000008000d38                LIS3DSH_ReadIO
 .text.LIS3DSH_Init
                0x0000000008000dc4      0x1a0 ./Core/Src/MY_LIS3DSH.o
                0x0000000008000dc4                LIS3DSH_Init
 .text.LIS3DSH_GetDataRaw
                0x0000000008000f64       0x86 ./Core/Src/MY_LIS3DSH.o
                0x0000000008000f64                LIS3DSH_GetDataRaw
 *fill*         0x0000000008000fea        0x2 
 .text.LIS3DSH_GetDataScaled
                0x0000000008000fec      0x104 ./Core/Src/MY_LIS3DSH.o
                0x0000000008000fec                LIS3DSH_GetDataScaled
 .text.LIS3DSH_X_calibrate
                0x00000000080010f0       0x5c ./Core/Src/MY_LIS3DSH.o
                0x00000000080010f0                LIS3DSH_X_calibrate
 .text.LIS3DSH_Y_calibrate
                0x000000000800114c       0x5c ./Core/Src/MY_LIS3DSH.o
                0x000000000800114c                LIS3DSH_Y_calibrate
 .text.LIS3DSH_Z_calibrate
                0x00000000080011a8       0x5c ./Core/Src/MY_LIS3DSH.o
                0x00000000080011a8                LIS3DSH_Z_calibrate
 .text.KalmanFilter_X
                0x0000000008001204      0x120 ./Core/Src/main.o
                0x0000000008001204                KalmanFilter_X
 .text.KalmanFilter_Y
                0x0000000008001324      0x120 ./Core/Src/main.o
                0x0000000008001324                KalmanFilter_Y
 .text.KalmanFilter_Z
                0x0000000008001444      0x120 ./Core/Src/main.o
                0x0000000008001444                KalmanFilter_Z
 *fill*         0x0000000008001564        0x4 
 .text.main     0x0000000008001568      0x56c ./Core/Src/main.o
                0x0000000008001568                main
 .text.SystemClock_Config
                0x0000000008001ad4       0xd4 ./Core/Src/main.o
                0x0000000008001ad4                SystemClock_Config
 .text.MX_CRC_Init
                0x0000000008001ba8       0x28 ./Core/Src/main.o
 .text.MX_SPI1_Init
                0x0000000008001bd0       0x6c ./Core/Src/main.o
 .text.MX_USART3_UART_Init
                0x0000000008001c3c       0x54 ./Core/Src/main.o
 .text.MX_GPIO_Init
                0x0000000008001c90      0x114 ./Core/Src/main.o
 .text.HAL_GPIO_EXTI_Callback
                0x0000000008001da4       0x20 ./Core/Src/main.o
                0x0000000008001da4                HAL_GPIO_EXTI_Callback
 .text.Error_Handler
                0x0000000008001dc4        0xa ./Core/Src/main.o
                0x0000000008001dc4                Error_Handler
 *fill*         0x0000000008001dce        0x2 
 .text.HAL_MspInit
                0x0000000008001dd0       0x50 ./Core/Src/stm32f4xx_hal_msp.o
                0x0000000008001dd0                HAL_MspInit
 .text.HAL_CRC_MspInit
                0x0000000008001e20       0x44 ./Core/Src/stm32f4xx_hal_msp.o
                0x0000000008001e20                HAL_CRC_MspInit
 .text.HAL_SPI_MspInit
                0x0000000008001e64       0x90 ./Core/Src/stm32f4xx_hal_msp.o
                0x0000000008001e64                HAL_SPI_MspInit
 .text.HAL_UART_MspInit
                0x0000000008001ef4       0x90 ./Core/Src/stm32f4xx_hal_msp.o
                0x0000000008001ef4                HAL_UART_MspInit
 .text.NMI_Handler
                0x0000000008001f84        0x6 ./Core/Src/stm32f4xx_it.o
                0x0000000008001f84                NMI_Handler
 .text.HardFault_Handler
                0x0000000008001f8a        0x6 ./Core/Src/stm32f4xx_it.o
                0x0000000008001f8a                HardFault_Handler
 .text.MemManage_Handler
                0x0000000008001f90        0x6 ./Core/Src/stm32f4xx_it.o
                0x0000000008001f90                MemManage_Handler
 .text.BusFault_Handler
                0x0000000008001f96        0x6 ./Core/Src/stm32f4xx_it.o
                0x0000000008001f96                BusFault_Handler
 .text.UsageFault_Handler
                0x0000000008001f9c        0x6 ./Core/Src/stm32f4xx_it.o
                0x0000000008001f9c                UsageFault_Handler
 .text.SVC_Handler
                0x0000000008001fa2        0xe ./Core/Src/stm32f4xx_it.o
                0x0000000008001fa2                SVC_Handler
 .text.DebugMon_Handler
                0x0000000008001fb0        0xe ./Core/Src/stm32f4xx_it.o
                0x0000000008001fb0                DebugMon_Handler
 .text.PendSV_Handler
                0x0000000008001fbe        0xe ./Core/Src/stm32f4xx_it.o
                0x0000000008001fbe                PendSV_Handler
 .text.SysTick_Handler
                0x0000000008001fcc        0xc ./Core/Src/stm32f4xx_it.o
                0x0000000008001fcc                SysTick_Handler
 .text.EXTI0_IRQHandler
                0x0000000008001fd8        0xe ./Core/Src/stm32f4xx_it.o
                0x0000000008001fd8                EXTI0_IRQHandler
 *fill*         0x0000000008001fe6        0x2 
 .text._sbrk    0x0000000008001fe8       0x6c ./Core/Src/sysmem.o
                0x0000000008001fe8                _sbrk
 .text.SystemInit
                0x0000000008002054       0x24 ./Core/Src/system_stm32f4xx.o
                0x0000000008002054                SystemInit
 .text.Reset_Handler
                0x0000000008002078       0x50 ./Core/Startup/startup_stm32f407vgtx.o
                0x0000000008002078                Reset_Handler
 .text.Default_Handler
                0x00000000080020c8        0x2 ./Core/Startup/startup_stm32f407vgtx.o
                0x00000000080020c8                RTC_Alarm_IRQHandler
                0x00000000080020c8                HASH_RNG_IRQHandler
                0x00000000080020c8                EXTI2_IRQHandler
                0x00000000080020c8                TIM8_CC_IRQHandler
                0x00000000080020c8                TIM1_CC_IRQHandler
                0x00000000080020c8                DMA2_Stream5_IRQHandler
                0x00000000080020c8                DMA1_Stream5_IRQHandler
                0x00000000080020c8                PVD_IRQHandler
                0x00000000080020c8                SDIO_IRQHandler
                0x00000000080020c8                TAMP_STAMP_IRQHandler
                0x00000000080020c8                CAN2_RX1_IRQHandler
                0x00000000080020c8                EXTI3_IRQHandler
                0x00000000080020c8                TIM8_TRG_COM_TIM14_IRQHandler
                0x00000000080020c8                TIM1_UP_TIM10_IRQHandler
                0x00000000080020c8                TIM8_UP_TIM13_IRQHandler
                0x00000000080020c8                I2C3_ER_IRQHandler
                0x00000000080020c8                I2C2_EV_IRQHandler
                0x00000000080020c8                DMA1_Stream2_IRQHandler
                0x00000000080020c8                CAN1_RX0_IRQHandler
                0x00000000080020c8                FPU_IRQHandler
                0x00000000080020c8                OTG_HS_WKUP_IRQHandler
                0x00000000080020c8                CAN2_SCE_IRQHandler
                0x00000000080020c8                DMA2_Stream2_IRQHandler
                0x00000000080020c8                SPI1_IRQHandler
                0x00000000080020c8                TIM6_DAC_IRQHandler
                0x00000000080020c8                TIM1_BRK_TIM9_IRQHandler
                0x00000000080020c8                DCMI_IRQHandler
                0x00000000080020c8                CAN2_RX0_IRQHandler
                0x00000000080020c8                DMA2_Stream3_IRQHandler
                0x00000000080020c8                USART6_IRQHandler
                0x00000000080020c8                USART3_IRQHandler
                0x00000000080020c8                CAN1_RX1_IRQHandler
                0x00000000080020c8                UART5_IRQHandler
                0x00000000080020c8                DMA2_Stream0_IRQHandler
                0x00000000080020c8                TIM4_IRQHandler
                0x00000000080020c8                I2C1_EV_IRQHandler
                0x00000000080020c8                DMA1_Stream6_IRQHandler
                0x00000000080020c8                DMA1_Stream1_IRQHandler
                0x00000000080020c8                UART4_IRQHandler
                0x00000000080020c8                TIM3_IRQHandler
                0x00000000080020c8                RCC_IRQHandler
                0x00000000080020c8                TIM8_BRK_TIM12_IRQHandler
                0x00000000080020c8                Default_Handler
                0x00000000080020c8                EXTI15_10_IRQHandler
                0x00000000080020c8                ADC_IRQHandler
                0x00000000080020c8                DMA1_Stream7_IRQHandler
                0x00000000080020c8                TIM7_IRQHandler
                0x00000000080020c8                CAN2_TX_IRQHandler
                0x00000000080020c8                TIM5_IRQHandler
                0x00000000080020c8                DMA2_Stream7_IRQHandler
                0x00000000080020c8                I2C3_EV_IRQHandler
                0x00000000080020c8                EXTI9_5_IRQHandler
                0x00000000080020c8                RTC_WKUP_IRQHandler
                0x00000000080020c8                ETH_WKUP_IRQHandler
                0x00000000080020c8                SPI2_IRQHandler
                0x00000000080020c8                OTG_HS_EP1_IN_IRQHandler
                0x00000000080020c8                DMA1_Stream0_IRQHandler
                0x00000000080020c8                CAN1_TX_IRQHandler
                0x00000000080020c8                EXTI4_IRQHandler
                0x00000000080020c8                FSMC_IRQHandler
                0x00000000080020c8                ETH_IRQHandler
                0x00000000080020c8                OTG_HS_EP1_OUT_IRQHandler
                0x00000000080020c8                WWDG_IRQHandler
                0x00000000080020c8                TIM2_IRQHandler
                0x00000000080020c8                OTG_FS_WKUP_IRQHandler
                0x00000000080020c8                TIM1_TRG_COM_TIM11_IRQHandler
                0x00000000080020c8                OTG_HS_IRQHandler
                0x00000000080020c8                EXTI1_IRQHandler
                0x00000000080020c8                USART2_IRQHandler
                0x00000000080020c8                I2C2_ER_IRQHandler
                0x00000000080020c8                DMA2_Stream1_IRQHandler
                0x00000000080020c8                CAN1_SCE_IRQHandler
                0x00000000080020c8                FLASH_IRQHandler
                0x00000000080020c8                DMA2_Stream4_IRQHandler
                0x00000000080020c8                USART1_IRQHandler
                0x00000000080020c8                OTG_FS_IRQHandler
                0x00000000080020c8                SPI3_IRQHandler
                0x00000000080020c8                DMA1_Stream4_IRQHandler
                0x00000000080020c8                I2C1_ER_IRQHandler
                0x00000000080020c8                DMA2_Stream6_IRQHandler
                0x00000000080020c8                DMA1_Stream3_IRQHandler
 *fill*         0x00000000080020ca        0x2 
 .text.HAL_Init
                0x00000000080020cc       0x44 ./Drivers/STM32F4xx_HAL_Driver/Src/stm32f4xx_hal.o
                0x00000000080020cc                HAL_Init
 .text.HAL_InitTick
                0x0000000008002110       0x60 ./Drivers/STM32F4xx_HAL_Driver/Src/stm32f4xx_hal.o
                0x0000000008002110                HAL_InitTick
 .text.HAL_IncTick
                0x0000000008002170       0x28 ./Drivers/STM32F4xx_HAL_Driver/Src/stm32f4xx_hal.o
                0x0000000008002170                HAL_IncTick
 .text.HAL_GetTick
                0x0000000008002198       0x18 ./Drivers/STM32F4xx_HAL_Driver/Src/stm32f4xx_hal.o
                0x0000000008002198                HAL_GetTick
 .text.__NVIC_SetPriorityGrouping
                0x00000000080021b0       0x48 ./Drivers/STM32F4xx_HAL_Driver/Src/stm32f4xx_hal_cortex.o
 .text.__NVIC_GetPriorityGrouping
                0x00000000080021f8       0x1c ./Drivers/STM32F4xx_HAL_Driver/Src/stm32f4xx_hal_cortex.o
 .text.__NVIC_EnableIRQ
                0x0000000008002214       0x3c ./Drivers/STM32F4xx_HAL_Driver/Src/stm32f4xx_hal_cortex.o
 .text.__NVIC_SetPriority
                0x0000000008002250       0x54 ./Drivers/STM32F4xx_HAL_Driver/Src/stm32f4xx_hal_cortex.o
 .text.NVIC_EncodePriority
                0x00000000080022a4       0x66 ./Drivers/STM32F4xx_HAL_Driver/Src/stm32f4xx_hal_cortex.o
 *fill*         0x000000000800230a        0x2 
 .text.SysTick_Config
                0x000000000800230c       0x44 ./Drivers/STM32F4xx_HAL_Driver/Src/stm32f4xx_hal_cortex.o
 .text.HAL_NVIC_SetPriorityGrouping
                0x0000000008002350       0x16 ./Drivers/STM32F4xx_HAL_Driver/Src/stm32f4xx_hal_cortex.o
                0x0000000008002350                HAL_NVIC_SetPriorityGrouping
 .text.HAL_NVIC_SetPriority
                0x0000000008002366       0x38 ./Drivers/STM32F4xx_HAL_Driver/Src/stm32f4xx_hal_cortex.o
                0x0000000008002366                HAL_NVIC_SetPriority
 .text.HAL_NVIC_EnableIRQ
                0x000000000800239e       0x1c ./Drivers/STM32F4xx_HAL_Driver/Src/stm32f4xx_hal_cortex.o
                0x000000000800239e                HAL_NVIC_EnableIRQ
 .text.HAL_SYSTICK_Config
                0x00000000080023ba       0x18 ./Drivers/STM32F4xx_HAL_Driver/Src/stm32f4xx_hal_cortex.o
                0x00000000080023ba                HAL_SYSTICK_Config
 .text.HAL_CRC_Init
                0x00000000080023d2       0x38 ./Drivers/STM32F4xx_HAL_Driver/Src/stm32f4xx_hal_crc.o
                0x00000000080023d2                HAL_CRC_Init
 *fill*         0x000000000800240a        0x2 
 .text.HAL_GPIO_Init
                0x000000000800240c      0x338 ./Drivers/STM32F4xx_HAL_Driver/Src/stm32f4xx_hal_gpio.o
                0x000000000800240c                HAL_GPIO_Init
 .text.HAL_GPIO_WritePin
                0x0000000008002744       0x32 ./Drivers/STM32F4xx_HAL_Driver/Src/stm32f4xx_hal_gpio.o
                0x0000000008002744                HAL_GPIO_WritePin
 *fill*         0x0000000008002776        0x2 
 .text.HAL_GPIO_EXTI_IRQHandler
                0x0000000008002778       0x30 ./Drivers/STM32F4xx_HAL_Driver/Src/stm32f4xx_hal_gpio.o
                0x0000000008002778                HAL_GPIO_EXTI_IRQHandler
 .text.HAL_RCC_OscConfig
                0x00000000080027a8      0x4f0 ./Drivers/STM32F4xx_HAL_Driver/Src/stm32f4xx_hal_rcc.o
                0x00000000080027a8                HAL_RCC_OscConfig
 .text.HAL_RCC_ClockConfig
                0x0000000008002c98      0x1cc ./Drivers/STM32F4xx_HAL_Driver/Src/stm32f4xx_hal_rcc.o
                0x0000000008002c98                HAL_RCC_ClockConfig
 .text.HAL_RCC_GetSysClockFreq
                0x0000000008002e64      0x1c4 ./Drivers/STM32F4xx_HAL_Driver/Src/stm32f4xx_hal_rcc.o
                0x0000000008002e64                HAL_RCC_GetSysClockFreq
 .text.HAL_RCC_GetHCLKFreq
                0x0000000008003028       0x18 ./Drivers/STM32F4xx_HAL_Driver/Src/stm32f4xx_hal_rcc.o
                0x0000000008003028                HAL_RCC_GetHCLKFreq
 .text.HAL_RCC_GetPCLK1Freq
                0x0000000008003040       0x28 ./Drivers/STM32F4xx_HAL_Driver/Src/stm32f4xx_hal_rcc.o
                0x0000000008003040                HAL_RCC_GetPCLK1Freq
 .text.HAL_RCC_GetPCLK2Freq
                0x0000000008003068       0x28 ./Drivers/STM32F4xx_HAL_Driver/Src/stm32f4xx_hal_rcc.o
                0x0000000008003068                HAL_RCC_GetPCLK2Freq
 .text.HAL_SPI_Init
                0x0000000008003090      0x112 ./Drivers/STM32F4xx_HAL_Driver/Src/stm32f4xx_hal_spi.o
                0x0000000008003090                HAL_SPI_Init
 .text.HAL_SPI_Transmit
                0x00000000080031a2      0x278 ./Drivers/STM32F4xx_HAL_Driver/Src/stm32f4xx_hal_spi.o
                0x00000000080031a2                HAL_SPI_Transmit
 .text.HAL_SPI_Receive
                0x000000000800341a      0x222 ./Drivers/STM32F4xx_HAL_Driver/Src/stm32f4xx_hal_spi.o
                0x000000000800341a                HAL_SPI_Receive
 .text.HAL_SPI_TransmitReceive
                0x000000000800363c      0x344 ./Drivers/STM32F4xx_HAL_Driver/Src/stm32f4xx_hal_spi.o
                0x000000000800363c                HAL_SPI_TransmitReceive
 .text.SPI_WaitFlagStateUntilTimeout
                0x0000000008003980      0x110 ./Drivers/STM32F4xx_HAL_Driver/Src/stm32f4xx_hal_spi.o
 .text.SPI_EndRxTransaction
                0x0000000008003a90       0xca ./Drivers/STM32F4xx_HAL_Driver/Src/stm32f4xx_hal_spi.o
 *fill*         0x0000000008003b5a        0x2 
 .text.SPI_EndRxTxTransaction
                0x0000000008003b5c       0x84 ./Drivers/STM32F4xx_HAL_Driver/Src/stm32f4xx_hal_spi.o
 .text.HAL_UART_Init
                0x0000000008003be0       0x9a ./Drivers/STM32F4xx_HAL_Driver/Src/stm32f4xx_hal_uart.o
                0x0000000008003be0                HAL_UART_Init
 .text.HAL_UART_Transmit
                0x0000000008003c7a      0x124 ./Drivers/STM32F4xx_HAL_Driver/Src/stm32f4xx_hal_uart.o
                0x0000000008003c7a                HAL_UART_Transmit
 .text.UART_WaitOnFlagUntilTimeout
                0x0000000008003d9e       0xdc ./Drivers/STM32F4xx_HAL_Driver/Src/stm32f4xx_hal_uart.o
 *fill*         0x0000000008003e7a        0x2 
 .text.UART_SetConfig
                0x0000000008003e7c      0x390 ./Drivers/STM32F4xx_HAL_Driver/Src/stm32f4xx_hal_uart.o
 .text.gesture_configure_activations
                0x000000000800420c       0x98 ./X-CUBE-AI/App/gesture.o
 .text.gesture_configure_weights
                0x00000000080042a4      0x120 ./X-CUBE-AI/App/gesture.o
 .text.ai_gesture_get_report
                0x00000000080043c4       0xcc ./X-CUBE-AI/App/gesture.o
                0x00000000080043c4                ai_gesture_get_report
 .text.ai_gesture_get_error
                0x0000000008004490       0x18 ./X-CUBE-AI/App/gesture.o
                0x0000000008004490                ai_gesture_get_error
 .text.ai_gesture_create
                0x00000000080044a8       0x2c ./X-CUBE-AI/App/gesture.o
                0x00000000080044a8                ai_gesture_create
 .text.ai_gesture_create_and_init
                0x00000000080044d4       0xe8 ./X-CUBE-AI/App/gesture.o
                0x00000000080044d4                ai_gesture_create_and_init
 .text.ai_gesture_inputs_get
                0x00000000080045bc       0x34 ./X-CUBE-AI/App/gesture.o
                0x00000000080045bc                ai_gesture_inputs_get
 .text.ai_gesture_outputs_get
                0x00000000080045f0       0x34 ./X-CUBE-AI/App/gesture.o
                0x00000000080045f0                ai_gesture_outputs_get
 .text.ai_gesture_init
                0x0000000008004624       0x78 ./X-CUBE-AI/App/gesture.o
                0x0000000008004624                ai_gesture_init
 .text.ai_gesture_run
                0x000000000800469c       0x20 ./X-CUBE-AI/App/gesture.o
                0x000000000800469c                ai_gesture_run
 .text.ai_gesture_data_params_get
                0x00000000080046bc       0x50 ./X-CUBE-AI/App/gesture_data.o
                0x00000000080046bc                ai_gesture_data_params_get
 .text.ai_buffer_get_size
                0x000000000800470c       0x60 ../Middlewares/ST/AI/Lib\NetworkRuntime710_CM4_GCC.a(ai_platform.o)
                0x000000000800470c                ai_buffer_get_size
 .text.ai_buffer_array_sane
                0x000000000800476c       0x14 ../Middlewares/ST/AI/Lib\NetworkRuntime710_CM4_GCC.a(ai_platform.o)
                0x000000000800476c                ai_buffer_array_sane
 .text.ai_buffer_array_item_set_address
                0x0000000008004780       0x24 ../Middlewares/ST/AI/Lib\NetworkRuntime710_CM4_GCC.a(ai_platform.o)
                0x0000000008004780                ai_buffer_array_item_set_address
 .text._ai_platform_acquire_crc
                0x00000000080047a4        0x4 ../Middlewares/ST/AI/Lib\NetworkRuntime710_CM4_GCC.a(ai_platform_interface.o)
                0x00000000080047a4                _ai_platform_acquire_crc
 .text._ai_platform_release_crc
                0x00000000080047a8        0x4 ../Middlewares/ST/AI/Lib\NetworkRuntime710_CM4_GCC.a(ai_platform_interface.o)
                0x00000000080047a8                _ai_platform_release_crc
 .text.ai_platform_get_weights_map
                0x00000000080047ac       0xa0 ../Middlewares/ST/AI/Lib\NetworkRuntime710_CM4_GCC.a(ai_platform_interface.o)
                0x00000000080047ac                ai_platform_get_weights_map
 .text.ai_platform_get_activations_map
                0x000000000800484c       0xa4 ../Middlewares/ST/AI/Lib\NetworkRuntime710_CM4_GCC.a(ai_platform_interface.o)
                0x000000000800484c                ai_platform_get_activations_map
 .text.ai_platform_bind_network_params
                0x00000000080048f0       0x38 ../Middlewares/ST/AI/Lib\NetworkRuntime710_CM4_GCC.a(ai_platform_interface.o)
                0x00000000080048f0                ai_platform_bind_network_params
 .text.ai_platform_runtime_get_revision
                0x0000000008004928       0x84 ../Middlewares/ST/AI/Lib\NetworkRuntime710_CM4_GCC.a(ai_platform_interface.o)
                0x0000000008004928                ai_platform_runtime_get_revision
 .text.ai_platform_runtime_get_version
                0x00000000080049ac       0xa8 ../Middlewares/ST/AI/Lib\NetworkRuntime710_CM4_GCC.a(ai_platform_interface.o)
                0x00000000080049ac                ai_platform_runtime_get_version
 .text.ai_platform_api_get_version
                0x0000000008004a54       0xa8 ../Middlewares/ST/AI/Lib\NetworkRuntime710_CM4_GCC.a(ai_platform_interface.o)
                0x0000000008004a54                ai_platform_api_get_version
 .text.ai_platform_interface_api_get_version
                0x0000000008004afc       0xa8 ../Middlewares/ST/AI/Lib\NetworkRuntime710_CM4_GCC.a(ai_platform_interface.o)
                0x0000000008004afc                ai_platform_interface_api_get_version
 .text.ai_platform_context_acquire
                0x0000000008004ba4       0x90 ../Middlewares/ST/AI/Lib\NetworkRuntime710_CM4_GCC.a(ai_platform_interface.o)
                0x0000000008004ba4                ai_platform_context_acquire
 .text.ai_platform_network_get_error
                0x0000000008004c34       0xf4 ../Middlewares/ST/AI/Lib\NetworkRuntime710_CM4_GCC.a(ai_platform_interface.o)
                0x0000000008004c34                ai_platform_network_get_error
 .text.ai_platform_network_set_error
                0x0000000008004d28        0xc ../Middlewares/ST/AI/Lib\NetworkRuntime710_CM4_GCC.a(ai_platform_interface.o)
                0x0000000008004d28                ai_platform_network_set_error
 .text.ai_platform_inputs_get
                0x0000000008004d34      0x1e8 ../Middlewares/ST/AI/Lib\NetworkRuntime710_CM4_GCC.a(ai_platform_interface.o)
                0x0000000008004d34                ai_platform_inputs_get
 .text.ai_platform_outputs_get
                0x0000000008004f1c      0x1f4 ../Middlewares/ST/AI/Lib\NetworkRuntime710_CM4_GCC.a(ai_platform_interface.o)
                0x0000000008004f1c                ai_platform_outputs_get
 .text.ai_platform_api_get_network_report
                0x0000000008005110      0x5e4 ../Middlewares/ST/AI/Lib\NetworkRuntime710_CM4_GCC.a(ai_platform_interface.o)
                0x0000000008005110                ai_platform_api_get_network_report
 .text.ai_platform_network_create
                0x00000000080056f4      0x1c0 ../Middlewares/ST/AI/Lib\NetworkRuntime710_CM4_GCC.a(ai_platform_interface.o)
                0x00000000080056f4                ai_platform_network_create
 .text.ai_platform_network_init
                0x00000000080058b4      0x218 ../Middlewares/ST/AI/Lib\NetworkRuntime710_CM4_GCC.a(ai_platform_interface.o)
                0x00000000080058b4                ai_platform_network_init
 .text.ai_platform_network_post_init
                0x0000000008005acc      0x128 ../Middlewares/ST/AI/Lib\NetworkRuntime710_CM4_GCC.a(ai_platform_interface.o)
                0x0000000008005acc                ai_platform_network_post_init
 .text.ai_platform_network_process
                0x0000000008005bf4      0x4d8 ../Middlewares/ST/AI/Lib\NetworkRuntime710_CM4_GCC.a(ai_platform_interface.o)
                0x0000000008005bf4                ai_platform_network_process
 .text.core_init
                0x00000000080060cc        0x4 ../Middlewares/ST/AI/Lib\NetworkRuntime710_CM4_GCC.a(core_common.o)
                0x00000000080060cc                core_init
 .text.core_get_error
                0x00000000080060d0        0xc ../Middlewares/ST/AI/Lib\NetworkRuntime710_CM4_GCC.a(core_common.o)
                0x00000000080060d0                core_get_error
 .text.core_set_error
                0x00000000080060dc       0x18 ../Middlewares/ST/AI/Lib\NetworkRuntime710_CM4_GCC.a(core_common.o)
                0x00000000080060dc                core_set_error
 .text.forward_dense
                0x00000000080060f4      0x7b8 ../Middlewares/ST/AI/Lib\NetworkRuntime710_CM4_GCC.a(layers_conv2d_generic_float.o)
                0x00000000080060f4                forward_dense
 .text.nl_func_sm_array_f32
                0x00000000080068ac      0x100 ../Middlewares/ST/AI/Lib\NetworkRuntime710_CM4_GCC.a(layers_nl_generic_float.o)
                0x00000000080068ac                nl_func_sm_array_f32
 .text.nl_func_relu_generic_array_f32
                0x00000000080069ac       0xfc ../Middlewares/ST/AI/Lib\NetworkRuntime710_CM4_GCC.a(layers_nl_generic_float.o)
                0x00000000080069ac                nl_func_relu_generic_array_f32
 .text.forward_relu
                0x0000000008006aa8      0x124 ../Middlewares/ST/AI/Lib\NetworkRuntime710_CM4_GCC.a(layers_nl_generic_float.o)
                0x0000000008006aa8                forward_relu
 .text.forward_sm
                0x0000000008006bcc       0x64 ../Middlewares/ST/AI/Lib\NetworkRuntime710_CM4_GCC.a(layers_nl_generic_float.o)
                0x0000000008006bcc                forward_sm
 .text.ai_check_custom_types
                0x0000000008006c30       0x54 ../Middlewares/ST/AI/Lib\NetworkRuntime710_CM4_GCC.a(layers.o)
                0x0000000008006c30                ai_check_custom_types
 .text.ai_layers_init_all
                0x0000000008006c84       0x28 ../Middlewares/ST/AI/Lib\NetworkRuntime710_CM4_GCC.a(layers.o)
                0x0000000008006c84                ai_layers_init_all
 .text.ai_layers_post_init_all
                0x0000000008006cac       0x30 ../Middlewares/ST/AI/Lib\NetworkRuntime710_CM4_GCC.a(layers.o)
                0x0000000008006cac                ai_layers_post_init_all
 .text.ai_layers_forward_all
                0x0000000008006cdc       0x9c ../Middlewares/ST/AI/Lib\NetworkRuntime710_CM4_GCC.a(layers.o)
                0x0000000008006cdc                ai_layers_forward_all
 .text.ai_version_get
                0x0000000008006d78        0xc ../Middlewares/ST/AI/Lib\NetworkRuntime710_CM4_GCC.a(ai_datatypes_internal.o)
                0x0000000008006d78                ai_version_get
 .text.ai_platform_version_get
                0x0000000008006d84       0x24 ../Middlewares/ST/AI/Lib\NetworkRuntime710_CM4_GCC.a(ai_datatypes_internal.o)
                0x0000000008006d84                ai_platform_version_get
 .text.get_tensor_byte_size
                0x0000000008006da8       0x28 ../Middlewares/ST/AI/Lib\NetworkRuntime710_CM4_GCC.a(ai_datatypes_internal.o)
                0x0000000008006da8                get_tensor_byte_size
 .text.ai_array_to_buffer_fmt
                0x0000000008006dd0       0xac ../Middlewares/ST/AI/Lib\NetworkRuntime710_CM4_GCC.a(ai_datatypes_format.o)
                0x0000000008006dd0                ai_array_to_buffer_fmt
 .text.ai_array_get_byte_size
                0x0000000008006e7c       0x48 ../Middlewares/ST/AI/Lib\NetworkRuntime710_CM4_GCC.a(ai_datatypes_format.o)
                0x0000000008006e7c                ai_array_get_byte_size
 .text.ai_array_get_data_byte_size
                0x0000000008006ec4       0x20 ../Middlewares/ST/AI/Lib\NetworkRuntime710_CM4_GCC.a(ai_datatypes_format.o)
                0x0000000008006ec4                ai_array_get_data_byte_size
 .text.__errno  0x0000000008006ee4        0xc c:/st/stm32cubeide_1.8.0/stm32cubeide/plugins/com.st.stm32cube.ide.mcu.externaltools.gnu-tools-for-stm32.9-2020-q2-update.win32_2.0.0.202105311346/tools/bin/../lib/gcc/arm-none-eabi/9.3.1/../../../../arm-none-eabi/lib/thumb/v7e-m+fp/hard\libc_nano.a(lib_a-errno.o)
                0x0000000008006ee4                __errno
 .text.__libc_init_array
                0x0000000008006ef0       0x48 c:/st/stm32cubeide_1.8.0/stm32cubeide/plugins/com.st.stm32cube.ide.mcu.externaltools.gnu-tools-for-stm32.9-2020-q2-update.win32_2.0.0.202105311346/tools/bin/../lib/gcc/arm-none-eabi/9.3.1/../../../../arm-none-eabi/lib/thumb/v7e-m+fp/hard\libc_nano.a(lib_a-init.o)
                0x0000000008006ef0                __libc_init_array
 .text.malloc   0x0000000008006f38       0x10 c:/st/stm32cubeide_1.8.0/stm32cubeide/plugins/com.st.stm32cube.ide.mcu.externaltools.gnu-tools-for-stm32.9-2020-q2-update.win32_2.0.0.202105311346/tools/bin/../lib/gcc/arm-none-eabi/9.3.1/../../../../arm-none-eabi/lib/thumb/v7e-m+fp/hard\libc_nano.a(lib_a-malloc.o)
                0x0000000008006f38                malloc
 .text.memcpy   0x0000000008006f48       0x1c c:/st/stm32cubeide_1.8.0/stm32cubeide/plugins/com.st.stm32cube.ide.mcu.externaltools.gnu-tools-for-stm32.9-2020-q2-update.win32_2.0.0.202105311346/tools/bin/../lib/gcc/arm-none-eabi/9.3.1/../../../../arm-none-eabi/lib/thumb/v7e-m+fp/hard\libc_nano.a(lib_a-memcpy-stub.o)
                0x0000000008006f48                memcpy
 .text.memset   0x0000000008006f64       0x10 c:/st/stm32cubeide_1.8.0/stm32cubeide/plugins/com.st.stm32cube.ide.mcu.externaltools.gnu-tools-for-stm32.9-2020-q2-update.win32_2.0.0.202105311346/tools/bin/../lib/gcc/arm-none-eabi/9.3.1/../../../../arm-none-eabi/lib/thumb/v7e-m+fp/hard\libc_nano.a(lib_a-memset.o)
                0x0000000008006f64                memset
 .text._free_r  0x0000000008006f74       0xa0 c:/st/stm32cubeide_1.8.0/stm32cubeide/plugins/com.st.stm32cube.ide.mcu.externaltools.gnu-tools-for-stm32.9-2020-q2-update.win32_2.0.0.202105311346/tools/bin/../lib/gcc/arm-none-eabi/9.3.1/../../../../arm-none-eabi/lib/thumb/v7e-m+fp/hard\libc_nano.a(lib_a-nano-freer.o)
                0x0000000008006f74                _free_r
 .text._malloc_r
                0x0000000008007014       0xb4 c:/st/stm32cubeide_1.8.0/stm32cubeide/plugins/com.st.stm32cube.ide.mcu.externaltools.gnu-tools-for-stm32.9-2020-q2-update.win32_2.0.0.202105311346/tools/bin/../lib/gcc/arm-none-eabi/9.3.1/../../../../arm-none-eabi/lib/thumb/v7e-m+fp/hard\libc_nano.a(lib_a-nano-mallocr.o)
                0x0000000008007014                _malloc_r
 .text.printf   0x00000000080070c8       0x30 c:/st/stm32cubeide_1.8.0/stm32cubeide/plugins/com.st.stm32cube.ide.mcu.externaltools.gnu-tools-for-stm32.9-2020-q2-update.win32_2.0.0.202105311346/tools/bin/../lib/gcc/arm-none-eabi/9.3.1/../../../../arm-none-eabi/lib/thumb/v7e-m+fp/hard\libc_nano.a(lib_a-printf.o)
                0x00000000080070c8                iprintf
                0x00000000080070c8                printf
 .text._puts_r  0x00000000080070f8       0xdc c:/st/stm32cubeide_1.8.0/stm32cubeide/plugins/com.st.stm32cube.ide.mcu.externaltools.gnu-tools-for-stm32.9-2020-q2-update.win32_2.0.0.202105311346/tools/bin/../lib/gcc/arm-none-eabi/9.3.1/../../../../arm-none-eabi/lib/thumb/v7e-m+fp/hard\libc_nano.a(lib_a-puts.o)
                0x00000000080070f8                _puts_r
 .text.puts     0x00000000080071d4       0x10 c:/st/stm32cubeide_1.8.0/stm32cubeide/plugins/com.st.stm32cube.ide.mcu.externaltools.gnu-tools-for-stm32.9-2020-q2-update.win32_2.0.0.202105311346/tools/bin/../lib/gcc/arm-none-eabi/9.3.1/../../../../arm-none-eabi/lib/thumb/v7e-m+fp/hard\libc_nano.a(lib_a-puts.o)
                0x00000000080071d4                puts
 .text.srand    0x00000000080071e4       0x5c c:/st/stm32cubeide_1.8.0/stm32cubeide/plugins/com.st.stm32cube.ide.mcu.externaltools.gnu-tools-for-stm32.9-2020-q2-update.win32_2.0.0.202105311346/tools/bin/../lib/gcc/arm-none-eabi/9.3.1/../../../../arm-none-eabi/lib/thumb/v7e-m+fp/hard\libc_nano.a(lib_a-rand.o)
                0x00000000080071e4                srand
 .text.rand     0x0000000008007240       0x80 c:/st/stm32cubeide_1.8.0/stm32cubeide/plugins/com.st.stm32cube.ide.mcu.externaltools.gnu-tools-for-stm32.9-2020-q2-update.win32_2.0.0.202105311346/tools/bin/../lib/gcc/arm-none-eabi/9.3.1/../../../../arm-none-eabi/lib/thumb/v7e-m+fp/hard\libc_nano.a(lib_a-rand.o)
                0x0000000008007240                rand
 .text._sbrk_r  0x00000000080072c0       0x20 c:/st/stm32cubeide_1.8.0/stm32cubeide/plugins/com.st.stm32cube.ide.mcu.externaltools.gnu-tools-for-stm32.9-2020-q2-update.win32_2.0.0.202105311346/tools/bin/../lib/gcc/arm-none-eabi/9.3.1/../../../../arm-none-eabi/lib/thumb/v7e-m+fp/hard\libc_nano.a(lib_a-sbrkr.o)
                0x00000000080072c0                _sbrk_r
 .text.sprintf  0x00000000080072e0       0x40 c:/st/stm32cubeide_1.8.0/stm32cubeide/plugins/com.st.stm32cube.ide.mcu.externaltools.gnu-tools-for-stm32.9-2020-q2-update.win32_2.0.0.202105311346/tools/bin/../lib/gcc/arm-none-eabi/9.3.1/../../../../arm-none-eabi/lib/thumb/v7e-m+fp/hard\libc_nano.a(lib_a-sprintf.o)
                0x00000000080072e0                siprintf
                0x00000000080072e0                sprintf
 .text.__swbuf_r
                0x0000000008007320       0xa4 c:/st/stm32cubeide_1.8.0/stm32cubeide/plugins/com.st.stm32cube.ide.mcu.externaltools.gnu-tools-for-stm32.9-2020-q2-update.win32_2.0.0.202105311346/tools/bin/../lib/gcc/arm-none-eabi/9.3.1/../../../../arm-none-eabi/lib/thumb/v7e-m+fp/hard\libc_nano.a(lib_a-wbuf.o)
                0x0000000008007320                __swbuf_r
 .text.__swsetup_r
                0x00000000080073c4       0xdc c:/st/stm32cubeide_1.8.0/stm32cubeide/plugins/com.st.stm32cube.ide.mcu.externaltools.gnu-tools-for-stm32.9-2020-q2-update.win32_2.0.0.202105311346/tools/bin/../lib/gcc/arm-none-eabi/9.3.1/../../../../arm-none-eabi/lib/thumb/v7e-m+fp/hard\libc_nano.a(lib_a-wsetup.o)
                0x00000000080073c4                __swsetup_r
 .text.__assert_func
                0x00000000080074a0       0x3c c:/st/stm32cubeide_1.8.0/stm32cubeide/plugins/com.st.stm32cube.ide.mcu.externaltools.gnu-tools-for-stm32.9-2020-q2-update.win32_2.0.0.202105311346/tools/bin/../lib/gcc/arm-none-eabi/9.3.1/../../../../arm-none-eabi/lib/thumb/v7e-m+fp/hard\libc_nano.a(lib_a-assert.o)
                0x00000000080074a0                __assert_func
 .text.__sflush_r
                0x00000000080074dc      0x10c c:/st/stm32cubeide_1.8.0/stm32cubeide/plugins/com.st.stm32cube.ide.mcu.externaltools.gnu-tools-for-stm32.9-2020-q2-update.win32_2.0.0.202105311346/tools/bin/../lib/gcc/arm-none-eabi/9.3.1/../../../../arm-none-eabi/lib/thumb/v7e-m+fp/hard\libc_nano.a(lib_a-fflush.o)
                0x00000000080074dc                __sflush_r
 .text._fflush_r
                0x00000000080075e8       0x78 c:/st/stm32cubeide_1.8.0/stm32cubeide/plugins/com.st.stm32cube.ide.mcu.externaltools.gnu-tools-for-stm32.9-2020-q2-update.win32_2.0.0.202105311346/tools/bin/../lib/gcc/arm-none-eabi/9.3.1/../../../../arm-none-eabi/lib/thumb/v7e-m+fp/hard\libc_nano.a(lib_a-fflush.o)
                0x00000000080075e8                _fflush_r
 .text.std      0x0000000008007660       0x48 c:/st/stm32cubeide_1.8.0/stm32cubeide/plugins/com.st.stm32cube.ide.mcu.externaltools.gnu-tools-for-stm32.9-2020-q2-update.win32_2.0.0.202105311346/tools/bin/../lib/gcc/arm-none-eabi/9.3.1/../../../../arm-none-eabi/lib/thumb/v7e-m+fp/hard\libc_nano.a(lib_a-findfp.o)
 .text._cleanup_r
                0x00000000080076a8        0xc c:/st/stm32cubeide_1.8.0/stm32cubeide/plugins/com.st.stm32cube.ide.mcu.externaltools.gnu-tools-for-stm32.9-2020-q2-update.win32_2.0.0.202105311346/tools/bin/../lib/gcc/arm-none-eabi/9.3.1/../../../../arm-none-eabi/lib/thumb/v7e-m+fp/hard\libc_nano.a(lib_a-findfp.o)
                0x00000000080076a8                _cleanup_r
 .text.__sfmoreglue
                0x00000000080076b4       0x2c c:/st/stm32cubeide_1.8.0/stm32cubeide/plugins/com.st.stm32cube.ide.mcu.externaltools.gnu-tools-for-stm32.9-2020-q2-update.win32_2.0.0.202105311346/tools/bin/../lib/gcc/arm-none-eabi/9.3.1/../../../../arm-none-eabi/lib/thumb/v7e-m+fp/hard\libc_nano.a(lib_a-findfp.o)
                0x00000000080076b4                __sfmoreglue
 .text.__sfp_lock_acquire
                0x00000000080076e0        0xc c:/st/stm32cubeide_1.8.0/stm32cubeide/plugins/com.st.stm32cube.ide.mcu.externaltools.gnu-tools-for-stm32.9-2020-q2-update.win32_2.0.0.202105311346/tools/bin/../lib/gcc/arm-none-eabi/9.3.1/../../../../arm-none-eabi/lib/thumb/v7e-m+fp/hard\libc_nano.a(lib_a-findfp.o)
                0x00000000080076e0                __sfp_lock_acquire
 .text.__sfp_lock_release
                0x00000000080076ec        0xc c:/st/stm32cubeide_1.8.0/stm32cubeide/plugins/com.st.stm32cube.ide.mcu.externaltools.gnu-tools-for-stm32.9-2020-q2-update.win32_2.0.0.202105311346/tools/bin/../lib/gcc/arm-none-eabi/9.3.1/../../../../arm-none-eabi/lib/thumb/v7e-m+fp/hard\libc_nano.a(lib_a-findfp.o)
                0x00000000080076ec                __sfp_lock_release
 .text.__sinit_lock_acquire
                0x00000000080076f8        0xc c:/st/stm32cubeide_1.8.0/stm32cubeide/plugins/com.st.stm32cube.ide.mcu.externaltools.gnu-tools-for-stm32.9-2020-q2-update.win32_2.0.0.202105311346/tools/bin/../lib/gcc/arm-none-eabi/9.3.1/../../../../arm-none-eabi/lib/thumb/v7e-m+fp/hard\libc_nano.a(lib_a-findfp.o)
                0x00000000080076f8                __sinit_lock_acquire
 .text.__sinit_lock_release
                0x0000000008007704        0xc c:/st/stm32cubeide_1.8.0/stm32cubeide/plugins/com.st.stm32cube.ide.mcu.externaltools.gnu-tools-for-stm32.9-2020-q2-update.win32_2.0.0.202105311346/tools/bin/../lib/gcc/arm-none-eabi/9.3.1/../../../../arm-none-eabi/lib/thumb/v7e-m+fp/hard\libc_nano.a(lib_a-findfp.o)
                0x0000000008007704                __sinit_lock_release
 .text.__sinit  0x0000000008007710       0x70 c:/st/stm32cubeide_1.8.0/stm32cubeide/plugins/com.st.stm32cube.ide.mcu.externaltools.gnu-tools-for-stm32.9-2020-q2-update.win32_2.0.0.202105311346/tools/bin/../lib/gcc/arm-none-eabi/9.3.1/../../../../arm-none-eabi/lib/thumb/v7e-m+fp/hard\libc_nano.a(lib_a-findfp.o)
                0x0000000008007710                __sinit
 .text.__sfp    0x0000000008007780       0x8c c:/st/stm32cubeide_1.8.0/stm32cubeide/plugins/com.st.stm32cube.ide.mcu.externaltools.gnu-tools-for-stm32.9-2020-q2-update.win32_2.0.0.202105311346/tools/bin/../lib/gcc/arm-none-eabi/9.3.1/../../../../arm-none-eabi/lib/thumb/v7e-m+fp/hard\libc_nano.a(lib_a-findfp.o)
                0x0000000008007780                __sfp
 .text.fprintf  0x000000000800780c       0x24 c:/st/stm32cubeide_1.8.0/stm32cubeide/plugins/com.st.stm32cube.ide.mcu.externaltools.gnu-tools-for-stm32.9-2020-q2-update.win32_2.0.0.202105311346/tools/bin/../lib/gcc/arm-none-eabi/9.3.1/../../../../arm-none-eabi/lib/thumb/v7e-m+fp/hard\libc_nano.a(lib_a-fprintf.o)
                0x000000000800780c                fiprintf
                0x000000000800780c                fprintf
 .text._fwalk_reent
                0x0000000008007830       0x3e c:/st/stm32cubeide_1.8.0/stm32cubeide/plugins/com.st.stm32cube.ide.mcu.externaltools.gnu-tools-for-stm32.9-2020-q2-update.win32_2.0.0.202105311346/tools/bin/../lib/gcc/arm-none-eabi/9.3.1/../../../../arm-none-eabi/lib/thumb/v7e-m+fp/hard\libc_nano.a(lib_a-fwalk.o)
                0x0000000008007830                _fwalk_reent
 .text.__retarget_lock_init_recursive
                0x000000000800786e        0x2 c:/st/stm32cubeide_1.8.0/stm32cubeide/plugins/com.st.stm32cube.ide.mcu.externaltools.gnu-tools-for-stm32.9-2020-q2-update.win32_2.0.0.202105311346/tools/bin/../lib/gcc/arm-none-eabi/9.3.1/../../../../arm-none-eabi/lib/thumb/v7e-m+fp/hard\libc_nano.a(lib_a-lock.o)
                0x000000000800786e                __retarget_lock_init_recursive
 .text.__retarget_lock_acquire_recursive
                0x0000000008007870        0x2 c:/st/stm32cubeide_1.8.0/stm32cubeide/plugins/com.st.stm32cube.ide.mcu.externaltools.gnu-tools-for-stm32.9-2020-q2-update.win32_2.0.0.202105311346/tools/bin/../lib/gcc/arm-none-eabi/9.3.1/../../../../arm-none-eabi/lib/thumb/v7e-m+fp/hard\libc_nano.a(lib_a-lock.o)
                0x0000000008007870                __retarget_lock_acquire_recursive
 .text.__retarget_lock_release_recursive
                0x0000000008007872        0x2 c:/st/stm32cubeide_1.8.0/stm32cubeide/plugins/com.st.stm32cube.ide.mcu.externaltools.gnu-tools-for-stm32.9-2020-q2-update.win32_2.0.0.202105311346/tools/bin/../lib/gcc/arm-none-eabi/9.3.1/../../../../arm-none-eabi/lib/thumb/v7e-m+fp/hard\libc_nano.a(lib_a-lock.o)
                0x0000000008007872                __retarget_lock_release_recursive
 .text.__swhatbuf_r
                0x0000000008007874       0x48 c:/st/stm32cubeide_1.8.0/stm32cubeide/plugins/com.st.stm32cube.ide.mcu.externaltools.gnu-tools-for-stm32.9-2020-q2-update.win32_2.0.0.202105311346/tools/bin/../lib/gcc/arm-none-eabi/9.3.1/../../../../arm-none-eabi/lib/thumb/v7e-m+fp/hard\libc_nano.a(lib_a-makebuf.o)
                0x0000000008007874                __swhatbuf_r
 .text.__smakebuf_r
                0x00000000080078bc       0x80 c:/st/stm32cubeide_1.8.0/stm32cubeide/plugins/com.st.stm32cube.ide.mcu.externaltools.gnu-tools-for-stm32.9-2020-q2-update.win32_2.0.0.202105311346/tools/bin/../lib/gcc/arm-none-eabi/9.3.1/../../../../arm-none-eabi/lib/thumb/v7e-m+fp/hard\libc_nano.a(lib_a-makebuf.o)
                0x00000000080078bc                __smakebuf_r
 .text.__malloc_lock
                0x000000000800793c        0xc c:/st/stm32cubeide_1.8.0/stm32cubeide/plugins/com.st.stm32cube.ide.mcu.externaltools.gnu-tools-for-stm32.9-2020-q2-update.win32_2.0.0.202105311346/tools/bin/../lib/gcc/arm-none-eabi/9.3.1/../../../../arm-none-eabi/lib/thumb/v7e-m+fp/hard\libc_nano.a(lib_a-mlock.o)
                0x000000000800793c                __malloc_lock
 .text.__malloc_unlock
                0x0000000008007948        0xc c:/st/stm32cubeide_1.8.0/stm32cubeide/plugins/com.st.stm32cube.ide.mcu.externaltools.gnu-tools-for-stm32.9-2020-q2-update.win32_2.0.0.202105311346/tools/bin/../lib/gcc/arm-none-eabi/9.3.1/../../../../arm-none-eabi/lib/thumb/v7e-m+fp/hard\libc_nano.a(lib_a-mlock.o)
                0x0000000008007948                __malloc_unlock
 .text._realloc_r
                0x0000000008007954       0x4c c:/st/stm32cubeide_1.8.0/stm32cubeide/plugins/com.st.stm32cube.ide.mcu.externaltools.gnu-tools-for-stm32.9-2020-q2-update.win32_2.0.0.202105311346/tools/bin/../lib/gcc/arm-none-eabi/9.3.1/../../../../arm-none-eabi/lib/thumb/v7e-m+fp/hard\libc_nano.a(lib_a-nano-reallocr.o)
                0x0000000008007954                _realloc_r
 .text.__ssputs_r
                0x00000000080079a0       0xb6 c:/st/stm32cubeide_1.8.0/stm32cubeide/plugins/com.st.stm32cube.ide.mcu.externaltools.gnu-tools-for-stm32.9-2020-q2-update.win32_2.0.0.202105311346/tools/bin/../lib/gcc/arm-none-eabi/9.3.1/../../../../arm-none-eabi/lib/thumb/v7e-m+fp/hard\libc_nano.a(lib_a-nano-svfprintf.o)
                0x00000000080079a0                __ssputs_r
 *fill*         0x0000000008007a56        0x2 
 .text._svfprintf_r
                0x0000000008007a58      0x200 c:/st/stm32cubeide_1.8.0/stm32cubeide/plugins/com.st.stm32cube.ide.mcu.externaltools.gnu-tools-for-stm32.9-2020-q2-update.win32_2.0.0.202105311346/tools/bin/../lib/gcc/arm-none-eabi/9.3.1/../../../../arm-none-eabi/lib/thumb/v7e-m+fp/hard\libc_nano.a(lib_a-nano-svfprintf.o)
                0x0000000008007a58                _svfiprintf_r
                0x0000000008007a58                _svfprintf_r
 .text.__sfputc_r
                0x0000000008007c58       0x2e c:/st/stm32cubeide_1.8.0/stm32cubeide/plugins/com.st.stm32cube.ide.mcu.externaltools.gnu-tools-for-stm32.9-2020-q2-update.win32_2.0.0.202105311346/tools/bin/../lib/gcc/arm-none-eabi/9.3.1/../../../../arm-none-eabi/lib/thumb/v7e-m+fp/hard\libc_nano.a(lib_a-nano-vfprintf.o)
 .text.__sfputs_r
                0x0000000008007c86       0x24 c:/st/stm32cubeide_1.8.0/stm32cubeide/plugins/com.st.stm32cube.ide.mcu.externaltools.gnu-tools-for-stm32.9-2020-q2-update.win32_2.0.0.202105311346/tools/bin/../lib/gcc/arm-none-eabi/9.3.1/../../../../arm-none-eabi/lib/thumb/v7e-m+fp/hard\libc_nano.a(lib_a-nano-vfprintf.o)
                0x0000000008007c86                __sfputs_r
 *fill*         0x0000000008007caa        0x2 
 .text._vfprintf_r
                0x0000000008007cac      0x260 c:/st/stm32cubeide_1.8.0/stm32cubeide/plugins/com.st.stm32cube.ide.mcu.externaltools.gnu-tools-for-stm32.9-2020-q2-update.win32_2.0.0.202105311346/tools/bin/../lib/gcc/arm-none-eabi/9.3.1/../../../../arm-none-eabi/lib/thumb/v7e-m+fp/hard\libc_nano.a(lib_a-nano-vfprintf.o)
                0x0000000008007cac                _vfprintf_r
                0x0000000008007cac                _vfiprintf_r
 .text._printf_common
                0x0000000008007f0c       0xda c:/st/stm32cubeide_1.8.0/stm32cubeide/plugins/com.st.stm32cube.ide.mcu.externaltools.gnu-tools-for-stm32.9-2020-q2-update.win32_2.0.0.202105311346/tools/bin/../lib/gcc/arm-none-eabi/9.3.1/../../../../arm-none-eabi/lib/thumb/v7e-m+fp/hard\libc_nano.a(lib_a-nano-vfprintf_i.o)
                0x0000000008007f0c                _printf_common
 *fill*         0x0000000008007fe6        0x2 
 .text._printf_i
                0x0000000008007fe8      0x24c c:/st/stm32cubeide_1.8.0/stm32cubeide/plugins/com.st.stm32cube.ide.mcu.externaltools.gnu-tools-for-stm32.9-2020-q2-update.win32_2.0.0.202105311346/tools/bin/../lib/gcc/arm-none-eabi/9.3.1/../../../../arm-none-eabi/lib/thumb/v7e-m+fp/hard\libc_nano.a(lib_a-nano-vfprintf_i.o)
                0x0000000008007fe8                _printf_i
 .text.__sread  0x0000000008008234       0x22 c:/st/stm32cubeide_1.8.0/stm32cubeide/plugins/com.st.stm32cube.ide.mcu.externaltools.gnu-tools-for-stm32.9-2020-q2-update.win32_2.0.0.202105311346/tools/bin/../lib/gcc/arm-none-eabi/9.3.1/../../../../arm-none-eabi/lib/thumb/v7e-m+fp/hard\libc_nano.a(lib_a-stdio.o)
                0x0000000008008234                __sread
 .text.__swrite
                0x0000000008008256       0x38 c:/st/stm32cubeide_1.8.0/stm32cubeide/plugins/com.st.stm32cube.ide.mcu.externaltools.gnu-tools-for-stm32.9-2020-q2-update.win32_2.0.0.202105311346/tools/bin/../lib/gcc/arm-none-eabi/9.3.1/../../../../arm-none-eabi/lib/thumb/v7e-m+fp/hard\libc_nano.a(lib_a-stdio.o)
                0x0000000008008256                __swrite
 .text.__sseek  0x000000000800828e       0x24 c:/st/stm32cubeide_1.8.0/stm32cubeide/plugins/com.st.stm32cube.ide.mcu.externaltools.gnu-tools-for-stm32.9-2020-q2-update.win32_2.0.0.202105311346/tools/bin/../lib/gcc/arm-none-eabi/9.3.1/../../../../arm-none-eabi/lib/thumb/v7e-m+fp/hard\libc_nano.a(lib_a-stdio.o)
                0x000000000800828e                __sseek
 .text.__sclose
                0x00000000080082b2        0x8 c:/st/stm32cubeide_1.8.0/stm32cubeide/plugins/com.st.stm32cube.ide.mcu.externaltools.gnu-tools-for-stm32.9-2020-q2-update.win32_2.0.0.202105311346/tools/bin/../lib/gcc/arm-none-eabi/9.3.1/../../../../arm-none-eabi/lib/thumb/v7e-m+fp/hard\libc_nano.a(lib_a-stdio.o)
                0x00000000080082b2                __sclose
 *fill*         0x00000000080082ba        0x2 
 .text._write_r
                0x00000000080082bc       0x24 c:/st/stm32cubeide_1.8.0/stm32cubeide/plugins/com.st.stm32cube.ide.mcu.externaltools.gnu-tools-for-stm32.9-2020-q2-update.win32_2.0.0.202105311346/tools/bin/../lib/gcc/arm-none-eabi/9.3.1/../../../../arm-none-eabi/lib/thumb/v7e-m+fp/hard\libc_nano.a(lib_a-writer.o)
                0x00000000080082bc                _write_r
 .text.abort    0x00000000080082e0        0xe c:/st/stm32cubeide_1.8.0/stm32cubeide/plugins/com.st.stm32cube.ide.mcu.externaltools.gnu-tools-for-stm32.9-2020-q2-update.win32_2.0.0.202105311346/tools/bin/../lib/gcc/arm-none-eabi/9.3.1/../../../../arm-none-eabi/lib/thumb/v7e-m+fp/hard\libc_nano.a(lib_a-abort.o)
                0x00000000080082e0                abort
 *fill*         0x00000000080082ee        0x2 
 .text._close_r
                0x00000000080082f0       0x20 c:/st/stm32cubeide_1.8.0/stm32cubeide/plugins/com.st.stm32cube.ide.mcu.externaltools.gnu-tools-for-stm32.9-2020-q2-update.win32_2.0.0.202105311346/tools/bin/../lib/gcc/arm-none-eabi/9.3.1/../../../../arm-none-eabi/lib/thumb/v7e-m+fp/hard\libc_nano.a(lib_a-closer.o)
                0x00000000080082f0                _close_r
 .text._fstat_r
                0x0000000008008310       0x24 c:/st/stm32cubeide_1.8.0/stm32cubeide/plugins/com.st.stm32cube.ide.mcu.externaltools.gnu-tools-for-stm32.9-2020-q2-update.win32_2.0.0.202105311346/tools/bin/../lib/gcc/arm-none-eabi/9.3.1/../../../../arm-none-eabi/lib/thumb/v7e-m+fp/hard\libc_nano.a(lib_a-fstatr.o)
                0x0000000008008310                _fstat_r
 .text._isatty_r
                0x0000000008008334       0x20 c:/st/stm32cubeide_1.8.0/stm32cubeide/plugins/com.st.stm32cube.ide.mcu.externaltools.gnu-tools-for-stm32.9-2020-q2-update.win32_2.0.0.202105311346/tools/bin/../lib/gcc/arm-none-eabi/9.3.1/../../../../arm-none-eabi/lib/thumb/v7e-m+fp/hard\libc_nano.a(lib_a-isattyr.o)
                0x0000000008008334                _isatty_r
 .text._lseek_r
                0x0000000008008354       0x24 c:/st/stm32cubeide_1.8.0/stm32cubeide/plugins/com.st.stm32cube.ide.mcu.externaltools.gnu-tools-for-stm32.9-2020-q2-update.win32_2.0.0.202105311346/tools/bin/../lib/gcc/arm-none-eabi/9.3.1/../../../../arm-none-eabi/lib/thumb/v7e-m+fp/hard\libc_nano.a(lib_a-lseekr.o)
                0x0000000008008354                _lseek_r
 .text.memmove  0x0000000008008378       0x34 c:/st/stm32cubeide_1.8.0/stm32cubeide/plugins/com.st.stm32cube.ide.mcu.externaltools.gnu-tools-for-stm32.9-2020-q2-update.win32_2.0.0.202105311346/tools/bin/../lib/gcc/arm-none-eabi/9.3.1/../../../../arm-none-eabi/lib/thumb/v7e-m+fp/hard\libc_nano.a(lib_a-memmove.o)
                0x0000000008008378                memmove
 .text._malloc_usable_size_r
                0x00000000080083ac       0x10 c:/st/stm32cubeide_1.8.0/stm32cubeide/plugins/com.st.stm32cube.ide.mcu.externaltools.gnu-tools-for-stm32.9-2020-q2-update.win32_2.0.0.202105311346/tools/bin/../lib/gcc/arm-none-eabi/9.3.1/../../../../arm-none-eabi/lib/thumb/v7e-m+fp/hard\libc_nano.a(lib_a-nano-msizer.o)
                0x00000000080083ac                _malloc_usable_size_r
 .text._read_r  0x00000000080083bc       0x24 c:/st/stm32cubeide_1.8.0/stm32cubeide/plugins/com.st.stm32cube.ide.mcu.externaltools.gnu-tools-for-stm32.9-2020-q2-update.win32_2.0.0.202105311346/tools/bin/../lib/gcc/arm-none-eabi/9.3.1/../../../../arm-none-eabi/lib/thumb/v7e-m+fp/hard\libc_nano.a(lib_a-readr.o)
                0x00000000080083bc                _read_r
 .text._raise_r
                0x00000000080083e0       0x50 c:/st/stm32cubeide_1.8.0/stm32cubeide/plugins/com.st.stm32cube.ide.mcu.externaltools.gnu-tools-for-stm32.9-2020-q2-update.win32_2.0.0.202105311346/tools/bin/../lib/gcc/arm-none-eabi/9.3.1/../../../../arm-none-eabi/lib/thumb/v7e-m+fp/hard\libc_nano.a(lib_a-signal.o)
                0x00000000080083e0                _raise_r
 .text.raise    0x0000000008008430       0x10 c:/st/stm32cubeide_1.8.0/stm32cubeide/plugins/com.st.stm32cube.ide.mcu.externaltools.gnu-tools-for-stm32.9-2020-q2-update.win32_2.0.0.202105311346/tools/bin/../lib/gcc/arm-none-eabi/9.3.1/../../../../arm-none-eabi/lib/thumb/v7e-m+fp/hard\libc_nano.a(lib_a-signal.o)
                0x0000000008008430                raise
 .text._kill_r  0x0000000008008440       0x24 c:/st/stm32cubeide_1.8.0/stm32cubeide/plugins/com.st.stm32cube.ide.mcu.externaltools.gnu-tools-for-stm32.9-2020-q2-update.win32_2.0.0.202105311346/tools/bin/../lib/gcc/arm-none-eabi/9.3.1/../../../../arm-none-eabi/lib/thumb/v7e-m+fp/hard\libc_nano.a(lib_a-signalr.o)
                0x0000000008008440                _kill_r
 .text._getpid_r
                0x0000000008008464        0x4 c:/st/stm32cubeide_1.8.0/stm32cubeide/plugins/com.st.stm32cube.ide.mcu.externaltools.gnu-tools-for-stm32.9-2020-q2-update.win32_2.0.0.202105311346/tools/bin/../lib/gcc/arm-none-eabi/9.3.1/../../../../arm-none-eabi/lib/thumb/v7e-m+fp/hard\libc_nano.a(lib_a-signalr.o)
                0x0000000008008464                _getpid_r
 .text.expf     0x0000000008008468       0x7c c:/st/stm32cubeide_1.8.0/stm32cubeide/plugins/com.st.stm32cube.ide.mcu.externaltools.gnu-tools-for-stm32.9-2020-q2-update.win32_2.0.0.202105311346/tools/bin/../lib/gcc/arm-none-eabi/9.3.1/../../../../arm-none-eabi/lib/thumb/v7e-m+fp/hard\libm.a(lib_a-wf_exp.o)
                0x0000000008008468                expf
 .text.__ieee754_expf
                0x00000000080084e4      0x1a8 c:/st/stm32cubeide_1.8.0/stm32cubeide/plugins/com.st.stm32cube.ide.mcu.externaltools.gnu-tools-for-stm32.9-2020-q2-update.win32_2.0.0.202105311346/tools/bin/../lib/gcc/arm-none-eabi/9.3.1/../../../../arm-none-eabi/lib/thumb/v7e-m+fp/hard\libm.a(lib_a-ef_exp.o)
                0x00000000080084e4                __ieee754_expf
 .text.finitef  0x000000000800868c       0x1a c:/st/stm32cubeide_1.8.0/stm32cubeide/plugins/com.st.stm32cube.ide.mcu.externaltools.gnu-tools-for-stm32.9-2020-q2-update.win32_2.0.0.202105311346/tools/bin/../lib/gcc/arm-none-eabi/9.3.1/../../../../arm-none-eabi/lib/thumb/v7e-m+fp/hard\libm.a(lib_a-sf_finite.o)
                0x000000000800868c                finitef
 *fill*         0x00000000080086a6        0x2 
 .text._close   0x00000000080086a8       0x10 c:/st/stm32cubeide_1.8.0/stm32cubeide/plugins/com.st.stm32cube.ide.mcu.externaltools.gnu-tools-for-stm32.9-2020-q2-update.win32_2.0.0.202105311346/tools/bin/../lib/gcc/arm-none-eabi/9.3.1/../../../../arm-none-eabi/lib/thumb/v7e-m+fp/hard\libnosys.a(close.o)
                0x00000000080086a8                _close
 .text._fstat   0x00000000080086b8       0x10 c:/st/stm32cubeide_1.8.0/stm32cubeide/plugins/com.st.stm32cube.ide.mcu.externaltools.gnu-tools-for-stm32.9-2020-q2-update.win32_2.0.0.202105311346/tools/bin/../lib/gcc/arm-none-eabi/9.3.1/../../../../arm-none-eabi/lib/thumb/v7e-m+fp/hard\libnosys.a(fstat.o)
                0x00000000080086b8                _fstat
 .text._getpid  0x00000000080086c8       0x10 c:/st/stm32cubeide_1.8.0/stm32cubeide/plugins/com.st.stm32cube.ide.mcu.externaltools.gnu-tools-for-stm32.9-2020-q2-update.win32_2.0.0.202105311346/tools/bin/../lib/gcc/arm-none-eabi/9.3.1/../../../../arm-none-eabi/lib/thumb/v7e-m+fp/hard\libnosys.a(getpid.o)
                0x00000000080086c8                _getpid
 .text._isatty  0x00000000080086d8       0x10 c:/st/stm32cubeide_1.8.0/stm32cubeide/plugins/com.st.stm32cube.ide.mcu.externaltools.gnu-tools-for-stm32.9-2020-q2-update.win32_2.0.0.202105311346/tools/bin/../lib/gcc/arm-none-eabi/9.3.1/../../../../arm-none-eabi/lib/thumb/v7e-m+fp/hard\libnosys.a(isatty.o)
                0x00000000080086d8                _isatty
 .text._kill    0x00000000080086e8       0x10 c:/st/stm32cubeide_1.8.0/stm32cubeide/plugins/com.st.stm32cube.ide.mcu.externaltools.gnu-tools-for-stm32.9-2020-q2-update.win32_2.0.0.202105311346/tools/bin/../lib/gcc/arm-none-eabi/9.3.1/../../../../arm-none-eabi/lib/thumb/v7e-m+fp/hard\libnosys.a(kill.o)
                0x00000000080086e8                _kill
 .text._lseek   0x00000000080086f8       0x10 c:/st/stm32cubeide_1.8.0/stm32cubeide/plugins/com.st.stm32cube.ide.mcu.externaltools.gnu-tools-for-stm32.9-2020-q2-update.win32_2.0.0.202105311346/tools/bin/../lib/gcc/arm-none-eabi/9.3.1/../../../../arm-none-eabi/lib/thumb/v7e-m+fp/hard\libnosys.a(lseek.o)
                0x00000000080086f8                _lseek
 .text._read    0x0000000008008708       0x10 c:/st/stm32cubeide_1.8.0/stm32cubeide/plugins/com.st.stm32cube.ide.mcu.externaltools.gnu-tools-for-stm32.9-2020-q2-update.win32_2.0.0.202105311346/tools/bin/../lib/gcc/arm-none-eabi/9.3.1/../../../../arm-none-eabi/lib/thumb/v7e-m+fp/hard\libnosys.a(read.o)
                0x0000000008008708                _read
 .text._write   0x0000000008008718       0x10 c:/st/stm32cubeide_1.8.0/stm32cubeide/plugins/com.st.stm32cube.ide.mcu.externaltools.gnu-tools-for-stm32.9-2020-q2-update.win32_2.0.0.202105311346/tools/bin/../lib/gcc/arm-none-eabi/9.3.1/../../../../arm-none-eabi/lib/thumb/v7e-m+fp/hard\libnosys.a(write.o)
                0x0000000008008718                _write
 .text._exit    0x0000000008008728        0x2 c:/st/stm32cubeide_1.8.0/stm32cubeide/plugins/com.st.stm32cube.ide.mcu.externaltools.gnu-tools-for-stm32.9-2020-q2-update.win32_2.0.0.202105311346/tools/bin/../lib/gcc/arm-none-eabi/9.3.1/../../../../arm-none-eabi/lib/thumb/v7e-m+fp/hard\libnosys.a(_exit.o)
                0x0000000008008728                _exit
 *(.glue_7)
 .glue_7        0x000000000800872a        0x0 linker stubs
 *(.glue_7t)
 .glue_7t       0x000000000800872a        0x0 linker stubs
 *(.eh_frame)
 *fill*         0x000000000800872a        0x2 
 .eh_frame      0x000000000800872c        0x0 c:/st/stm32cubeide_1.8.0/stm32cubeide/plugins/com.st.stm32cube.ide.mcu.externaltools.gnu-tools-for-stm32.9-2020-q2-update.win32_2.0.0.202105311346/tools/bin/../lib/gcc/arm-none-eabi/9.3.1/thumb/v7e-m+fp/hard/crtbegin.o
 *(.init)
 .init          0x000000000800872c        0x4 c:/st/stm32cubeide_1.8.0/stm32cubeide/plugins/com.st.stm32cube.ide.mcu.externaltools.gnu-tools-for-stm32.9-2020-q2-update.win32_2.0.0.202105311346/tools/bin/../lib/gcc/arm-none-eabi/9.3.1/thumb/v7e-m+fp/hard/crti.o
                0x000000000800872c                _init
 .init          0x0000000008008730        0x8 c:/st/stm32cubeide_1.8.0/stm32cubeide/plugins/com.st.stm32cube.ide.mcu.externaltools.gnu-tools-for-stm32.9-2020-q2-update.win32_2.0.0.202105311346/tools/bin/../lib/gcc/arm-none-eabi/9.3.1/thumb/v7e-m+fp/hard/crtn.o
 *(.fini)
 .fini          0x0000000008008738        0x4 c:/st/stm32cubeide_1.8.0/stm32cubeide/plugins/com.st.stm32cube.ide.mcu.externaltools.gnu-tools-for-stm32.9-2020-q2-update.win32_2.0.0.202105311346/tools/bin/../lib/gcc/arm-none-eabi/9.3.1/thumb/v7e-m+fp/hard/crti.o
                0x0000000008008738                _fini
 .fini          0x000000000800873c        0x8 c:/st/stm32cubeide_1.8.0/stm32cubeide/plugins/com.st.stm32cube.ide.mcu.externaltools.gnu-tools-for-stm32.9-2020-q2-update.win32_2.0.0.202105311346/tools/bin/../lib/gcc/arm-none-eabi/9.3.1/thumb/v7e-m+fp/hard/crtn.o
                0x0000000008008744                . = ALIGN (0x4)
                0x0000000008008744                _etext = .

.vfp11_veneer   0x0000000008008744        0x0
 .vfp11_veneer  0x0000000008008744        0x0 linker stubs

.v4_bx          0x0000000008008744        0x0
 .v4_bx         0x0000000008008744        0x0 linker stubs

.iplt           0x0000000008008744        0x0
 .iplt          0x0000000008008744        0x0 c:/st/stm32cubeide_1.8.0/stm32cubeide/plugins/com.st.stm32cube.ide.mcu.externaltools.gnu-tools-for-stm32.9-2020-q2-update.win32_2.0.0.202105311346/tools/bin/../lib/gcc/arm-none-eabi/9.3.1/thumb/v7e-m+fp/hard/crtbegin.o

.rodata         0x0000000008008760     0x6ef4
                0x0000000008008760                . = ALIGN (0x4)
 *(.rodata)
 .rodata        0x0000000008008760       0xdc ./Core/Src/main.o
 .rodata        0x000000000800883c       0x61 ./X-CUBE-AI/App/gesture.o
 *fill*         0x000000000800889d        0x3 
 .rodata        0x00000000080088a0       0x30 ./X-CUBE-AI/App/gesture_data.o
 .rodata        0x00000000080088d0       0x10 ../Middlewares/ST/AI/Lib\NetworkRuntime710_CM4_GCC.a(ai_platform_interface.o)
 .rodata        0x00000000080088e0        0x4 ../Middlewares/ST/AI/Lib\NetworkRuntime710_CM4_GCC.a(layers.o)
 *(.rodata*)
 .rodata.AHBPrescTable
                0x00000000080088e4       0x10 ./Core/Src/system_stm32f4xx.o
                0x00000000080088e4                AHBPrescTable
 .rodata.APBPrescTable
                0x00000000080088f4        0x8 ./Core/Src/system_stm32f4xx.o
                0x00000000080088f4                APBPrescTable
 .rodata.nl_3_chain
                0x00000000080088fc        0x8 ./X-CUBE-AI/App/gesture.o
 .rodata.dense_2_chain
                0x0000000008008904        0x8 ./X-CUBE-AI/App/gesture.o
 .rodata.nl_1_nl_chain
                0x000000000800890c        0x8 ./X-CUBE-AI/App/gesture.o
 .rodata.dense_1_chain
                0x0000000008008914        0x8 ./X-CUBE-AI/App/gesture.o
 .rodata.nl_0_nl_chain
                0x000000000800891c        0x8 ./X-CUBE-AI/App/gesture.o
 .rodata.dense_0_chain
                0x0000000008008924        0x8 ./X-CUBE-AI/App/gesture.o
 *fill*         0x000000000800892c       0x14 
 .rodata.s_gesture_gesture_weights_array_u64
                0x0000000008008940     0x6ba0 ./X-CUBE-AI/App/gesture_data.o
                0x0000000008008940                s_gesture_gesture_weights_array_u64
 .rodata.ai_platform_runtime_get_revision.str1.4
                0x000000000800f4e0        0x1 ../Middlewares/ST/AI/Lib\NetworkRuntime710_CM4_GCC.a(ai_platform_interface.o)
 *fill*         0x000000000800f4e1        0x3 
 .rodata.v.10826
                0x000000000800f4e4        0x4 ../Middlewares/ST/AI/Lib\NetworkRuntime710_CM4_GCC.a(ai_platform_interface.o)
 .rodata.v.10830
                0x000000000800f4e8        0x4 ../Middlewares/ST/AI/Lib\NetworkRuntime710_CM4_GCC.a(ai_platform_interface.o)
 .rodata.v.10834
                0x000000000800f4ec        0x4 ../Middlewares/ST/AI/Lib\NetworkRuntime710_CM4_GCC.a(ai_platform_interface.o)
 .rodata._global_impure_ptr
                0x000000000800f4f0        0x4 c:/st/stm32cubeide_1.8.0/stm32cubeide/plugins/com.st.stm32cube.ide.mcu.externaltools.gnu-tools-for-stm32.9-2020-q2-update.win32_2.0.0.202105311346/tools/bin/../lib/gcc/arm-none-eabi/9.3.1/../../../../arm-none-eabi/lib/thumb/v7e-m+fp/hard\libc_nano.a(lib_a-impure.o)
                0x000000000800f4f0                _global_impure_ptr
 .rodata.srand.str1.1
                0x000000000800f4f4       0x76 c:/st/stm32cubeide_1.8.0/stm32cubeide/plugins/com.st.stm32cube.ide.mcu.externaltools.gnu-tools-for-stm32.9-2020-q2-update.win32_2.0.0.202105311346/tools/bin/../lib/gcc/arm-none-eabi/9.3.1/../../../../arm-none-eabi/lib/thumb/v7e-m+fp/hard\libc_nano.a(lib_a-rand.o)
 .rodata.__assert_func.str1.1
                0x000000000800f56a       0x3c c:/st/stm32cubeide_1.8.0/stm32cubeide/plugins/com.st.stm32cube.ide.mcu.externaltools.gnu-tools-for-stm32.9-2020-q2-update.win32_2.0.0.202105311346/tools/bin/../lib/gcc/arm-none-eabi/9.3.1/../../../../arm-none-eabi/lib/thumb/v7e-m+fp/hard\libc_nano.a(lib_a-assert.o)
                                         0x3d (size before relaxing)
 *fill*         0x000000000800f5a6        0x2 
 .rodata.__sf_fake_stderr
                0x000000000800f5a8       0x20 c:/st/stm32cubeide_1.8.0/stm32cubeide/plugins/com.st.stm32cube.ide.mcu.externaltools.gnu-tools-for-stm32.9-2020-q2-update.win32_2.0.0.202105311346/tools/bin/../lib/gcc/arm-none-eabi/9.3.1/../../../../arm-none-eabi/lib/thumb/v7e-m+fp/hard\libc_nano.a(lib_a-findfp.o)
                0x000000000800f5a8                __sf_fake_stderr
 .rodata.__sf_fake_stdin
                0x000000000800f5c8       0x20 c:/st/stm32cubeide_1.8.0/stm32cubeide/plugins/com.st.stm32cube.ide.mcu.externaltools.gnu-tools-for-stm32.9-2020-q2-update.win32_2.0.0.202105311346/tools/bin/../lib/gcc/arm-none-eabi/9.3.1/../../../../arm-none-eabi/lib/thumb/v7e-m+fp/hard\libc_nano.a(lib_a-findfp.o)
                0x000000000800f5c8                __sf_fake_stdin
 .rodata.__sf_fake_stdout
                0x000000000800f5e8       0x20 c:/st/stm32cubeide_1.8.0/stm32cubeide/plugins/com.st.stm32cube.ide.mcu.externaltools.gnu-tools-for-stm32.9-2020-q2-update.win32_2.0.0.202105311346/tools/bin/../lib/gcc/arm-none-eabi/9.3.1/../../../../arm-none-eabi/lib/thumb/v7e-m+fp/hard\libc_nano.a(lib_a-findfp.o)
                0x000000000800f5e8                __sf_fake_stdout
 .rodata._svfprintf_r.str1.1
                0x000000000800f608       0x11 c:/st/stm32cubeide_1.8.0/stm32cubeide/plugins/com.st.stm32cube.ide.mcu.externaltools.gnu-tools-for-stm32.9-2020-q2-update.win32_2.0.0.202105311346/tools/bin/../lib/gcc/arm-none-eabi/9.3.1/../../../../arm-none-eabi/lib/thumb/v7e-m+fp/hard\libc_nano.a(lib_a-nano-svfprintf.o)
 .rodata._vfprintf_r.str1.1
                0x000000000800f619       0x11 c:/st/stm32cubeide_1.8.0/stm32cubeide/plugins/com.st.stm32cube.ide.mcu.externaltools.gnu-tools-for-stm32.9-2020-q2-update.win32_2.0.0.202105311346/tools/bin/../lib/gcc/arm-none-eabi/9.3.1/../../../../arm-none-eabi/lib/thumb/v7e-m+fp/hard\libc_nano.a(lib_a-nano-vfprintf.o)
 .rodata._printf_i.str1.1
                0x000000000800f619       0x22 c:/st/stm32cubeide_1.8.0/stm32cubeide/plugins/com.st.stm32cube.ide.mcu.externaltools.gnu-tools-for-stm32.9-2020-q2-update.win32_2.0.0.202105311346/tools/bin/../lib/gcc/arm-none-eabi/9.3.1/../../../../arm-none-eabi/lib/thumb/v7e-m+fp/hard\libc_nano.a(lib_a-nano-vfprintf_i.o)
 *fill*         0x000000000800f63b        0x1 
 .rodata.halF   0x000000000800f63c        0x8 c:/st/stm32cubeide_1.8.0/stm32cubeide/plugins/com.st.stm32cube.ide.mcu.externaltools.gnu-tools-for-stm32.9-2020-q2-update.win32_2.0.0.202105311346/tools/bin/../lib/gcc/arm-none-eabi/9.3.1/../../../../arm-none-eabi/lib/thumb/v7e-m+fp/hard\libm.a(lib_a-ef_exp.o)
 .rodata.ln2HI  0x000000000800f644        0x8 c:/st/stm32cubeide_1.8.0/stm32cubeide/plugins/com.st.stm32cube.ide.mcu.externaltools.gnu-tools-for-stm32.9-2020-q2-update.win32_2.0.0.202105311346/tools/bin/../lib/gcc/arm-none-eabi/9.3.1/../../../../arm-none-eabi/lib/thumb/v7e-m+fp/hard\libm.a(lib_a-ef_exp.o)
 .rodata.ln2LO  0x000000000800f64c        0x8 c:/st/stm32cubeide_1.8.0/stm32cubeide/plugins/com.st.stm32cube.ide.mcu.externaltools.gnu-tools-for-stm32.9-2020-q2-update.win32_2.0.0.202105311346/tools/bin/../lib/gcc/arm-none-eabi/9.3.1/../../../../arm-none-eabi/lib/thumb/v7e-m+fp/hard\libm.a(lib_a-ef_exp.o)
                0x000000000800f654                . = ALIGN (0x4)

.ARM.extab      0x000000000800f654        0x0
                0x000000000800f654                . = ALIGN (0x4)
 *(.ARM.extab* .gnu.linkonce.armextab.*)
                0x000000000800f654                . = ALIGN (0x4)

.ARM            0x000000000800f654        0x8
                0x000000000800f654                . = ALIGN (0x4)
                0x000000000800f654                __exidx_start = .
 *(.ARM.exidx*)
 .ARM.exidx     0x000000000800f654        0x8 c:/st/stm32cubeide_1.8.0/stm32cubeide/plugins/com.st.stm32cube.ide.mcu.externaltools.gnu-tools-for-stm32.9-2020-q2-update.win32_2.0.0.202105311346/tools/bin/../lib/gcc/arm-none-eabi/9.3.1/thumb/v7e-m+fp/hard\libgcc.a(_udivmoddi4.o)
                0x000000000800f65c                __exidx_end = .
                0x000000000800f65c                . = ALIGN (0x4)

.rel.dyn        0x000000000800f65c        0x0
 .rel.iplt      0x000000000800f65c        0x0 c:/st/stm32cubeide_1.8.0/stm32cubeide/plugins/com.st.stm32cube.ide.mcu.externaltools.gnu-tools-for-stm32.9-2020-q2-update.win32_2.0.0.202105311346/tools/bin/../lib/gcc/arm-none-eabi/9.3.1/thumb/v7e-m+fp/hard/crtbegin.o

.preinit_array  0x000000000800f65c        0x0
                0x000000000800f65c                . = ALIGN (0x4)
                0x000000000800f65c                PROVIDE (__preinit_array_start = .)
 *(.preinit_array*)
                0x000000000800f65c                PROVIDE (__preinit_array_end = .)
                0x000000000800f65c                . = ALIGN (0x4)

.init_array     0x000000000800f65c        0x4
                0x000000000800f65c                . = ALIGN (0x4)
                0x000000000800f65c                PROVIDE (__init_array_start = .)
 *(SORT_BY_NAME(.init_array.*))
 *(.init_array*)
 .init_array    0x000000000800f65c        0x4 c:/st/stm32cubeide_1.8.0/stm32cubeide/plugins/com.st.stm32cube.ide.mcu.externaltools.gnu-tools-for-stm32.9-2020-q2-update.win32_2.0.0.202105311346/tools/bin/../lib/gcc/arm-none-eabi/9.3.1/thumb/v7e-m+fp/hard/crtbegin.o
                0x000000000800f660                PROVIDE (__init_array_end = .)
                0x000000000800f660                . = ALIGN (0x4)

.fini_array     0x000000000800f660        0x4
                0x000000000800f660                . = ALIGN (0x4)
                [!provide]                        PROVIDE (__fini_array_start = .)
 *(SORT_BY_NAME(.fini_array.*))
 *(.fini_array*)
 .fini_array    0x000000000800f660        0x4 c:/st/stm32cubeide_1.8.0/stm32cubeide/plugins/com.st.stm32cube.ide.mcu.externaltools.gnu-tools-for-stm32.9-2020-q2-update.win32_2.0.0.202105311346/tools/bin/../lib/gcc/arm-none-eabi/9.3.1/thumb/v7e-m+fp/hard/crtbegin.o
                [!provide]                        PROVIDE (__fini_array_end = .)
                0x000000000800f664                . = ALIGN (0x4)
                0x000000000800f664                _sidata = LOADADDR (.data)

.data           0x0000000020000000      0x7d0 load address 0x000000000800f664
                0x0000000020000000                . = ALIGN (0x4)
                0x0000000020000000                _sdata = .
 *(.data)
 *(.data*)
 .data.lis3dsh_Sensitivity
                0x0000000020000000        0x4 ./Core/Src/MY_LIS3DSH.o
 .data.__X_Scale
                0x0000000020000004        0x4 ./Core/Src/MY_LIS3DSH.o
 .data.__Y_Scale
                0x0000000020000008        0x4 ./Core/Src/MY_LIS3DSH.o
 .data.__Z_Scale
                0x000000002000000c        0x4 ./Core/Src/MY_LIS3DSH.o
 .data.err_est_x
                0x0000000020000010        0x4 ./Core/Src/main.o
                0x0000000020000010                err_est_x
 .data.err_mea_x
                0x0000000020000014        0x4 ./Core/Src/main.o
                0x0000000020000014                err_mea_x
 .data.proc_noise_x
                0x0000000020000018        0x4 ./Core/Src/main.o
                0x0000000020000018                proc_noise_x
 .data.err_est_y
                0x000000002000001c        0x4 ./Core/Src/main.o
                0x000000002000001c                err_est_y
 .data.err_mea_y
                0x0000000020000020        0x4 ./Core/Src/main.o
                0x0000000020000020                err_mea_y
 .data.proc_noise_y
                0x0000000020000024        0x4 ./Core/Src/main.o
                0x0000000020000024                proc_noise_y
 .data.err_est_z
                0x0000000020000028        0x4 ./Core/Src/main.o
                0x0000000020000028                err_est_z
 .data.err_mea_z
                0x000000002000002c        0x4 ./Core/Src/main.o
                0x000000002000002c                err_mea_z
 .data.proc_noise_z
                0x0000000020000030        0x4 ./Core/Src/main.o
                0x0000000020000030                proc_noise_z
 .data.SystemCoreClock
                0x0000000020000034        0x4 ./Core/Src/system_stm32f4xx.o
                0x0000000020000034                SystemCoreClock
 .data.uwTickPrio
                0x0000000020000038        0x4 ./Drivers/STM32F4xx_HAL_Driver/Src/stm32f4xx_hal.o
                0x0000000020000038                uwTickPrio
 .data.uwTickFreq
                0x000000002000003c        0x1 ./Drivers/STM32F4xx_HAL_Driver/Src/stm32f4xx_hal.o
                0x000000002000003c                uwTickFreq
 *fill*         0x000000002000003d        0x3 
 .data.serving_default_dense_input0_output_array
                0x0000000020000040       0x10 ./X-CUBE-AI/App/gesture.o
 .data.dense_0_output_array
                0x0000000020000050       0x10 ./X-CUBE-AI/App/gesture.o
 .data.nl_0_nl_output_array
                0x0000000020000060       0x10 ./X-CUBE-AI/App/gesture.o
 .data.dense_1_output_array
                0x0000000020000070       0x10 ./X-CUBE-AI/App/gesture.o
 .data.nl_1_nl_output_array
                0x0000000020000080       0x10 ./X-CUBE-AI/App/gesture.o
 .data.dense_2_output_array
                0x0000000020000090       0x10 ./X-CUBE-AI/App/gesture.o
 .data.nl_3_output_array
                0x00000000200000a0       0x10 ./X-CUBE-AI/App/gesture.o
 .data.dense_0_weights_array
                0x00000000200000b0       0x10 ./X-CUBE-AI/App/gesture.o
 .data.dense_0_bias_array
                0x00000000200000c0       0x10 ./X-CUBE-AI/App/gesture.o
 .data.dense_1_weights_array
                0x00000000200000d0       0x10 ./X-CUBE-AI/App/gesture.o
 .data.dense_1_bias_array
                0x00000000200000e0       0x10 ./X-CUBE-AI/App/gesture.o
 .data.dense_2_weights_array
                0x00000000200000f0       0x10 ./X-CUBE-AI/App/gesture.o
 .data.dense_2_bias_array
                0x0000000020000100       0x10 ./X-CUBE-AI/App/gesture.o
 .data.__compound_literal.0
                0x0000000020000110       0x10 ./X-CUBE-AI/App/gesture.o
 .data.__compound_literal.1
                0x0000000020000120       0x10 ./X-CUBE-AI/App/gesture.o
 .data.serving_default_dense_input0_output
                0x0000000020000130       0x1c ./X-CUBE-AI/App/gesture.o
 .data.__compound_literal.2
                0x000000002000014c       0x10 ./X-CUBE-AI/App/gesture.o
 .data.__compound_literal.3
                0x000000002000015c       0x10 ./X-CUBE-AI/App/gesture.o
 .data.dense_0_output
                0x000000002000016c       0x1c ./X-CUBE-AI/App/gesture.o
 .data.__compound_literal.4
                0x0000000020000188       0x10 ./X-CUBE-AI/App/gesture.o
 .data.__compound_literal.5
                0x0000000020000198       0x10 ./X-CUBE-AI/App/gesture.o
 .data.nl_0_nl_output
                0x00000000200001a8       0x1c ./X-CUBE-AI/App/gesture.o
 .data.__compound_literal.6
                0x00000000200001c4       0x10 ./X-CUBE-AI/App/gesture.o
 .data.__compound_literal.7
                0x00000000200001d4       0x10 ./X-CUBE-AI/App/gesture.o
 .data.dense_1_output
                0x00000000200001e4       0x1c ./X-CUBE-AI/App/gesture.o
 .data.__compound_literal.8
                0x0000000020000200       0x10 ./X-CUBE-AI/App/gesture.o
 .data.__compound_literal.9
                0x0000000020000210       0x10 ./X-CUBE-AI/App/gesture.o
 .data.nl_1_nl_output
                0x0000000020000220       0x1c ./X-CUBE-AI/App/gesture.o
 .data.__compound_literal.10
                0x000000002000023c       0x10 ./X-CUBE-AI/App/gesture.o
 .data.__compound_literal.11
                0x000000002000024c       0x10 ./X-CUBE-AI/App/gesture.o
 .data.dense_2_output
                0x000000002000025c       0x1c ./X-CUBE-AI/App/gesture.o
 .data.__compound_literal.12
                0x0000000020000278       0x10 ./X-CUBE-AI/App/gesture.o
 .data.__compound_literal.13
                0x0000000020000288       0x10 ./X-CUBE-AI/App/gesture.o
 .data.nl_3_output
                0x0000000020000298       0x1c ./X-CUBE-AI/App/gesture.o
 .data.__compound_literal.14
                0x00000000200002b4       0x10 ./X-CUBE-AI/App/gesture.o
 .data.__compound_literal.15
                0x00000000200002c4       0x10 ./X-CUBE-AI/App/gesture.o
 .data.dense_0_weights
                0x00000000200002d4       0x1c ./X-CUBE-AI/App/gesture.o
 .data.__compound_literal.16
                0x00000000200002f0       0x10 ./X-CUBE-AI/App/gesture.o
 .data.__compound_literal.17
                0x0000000020000300       0x10 ./X-CUBE-AI/App/gesture.o
 .data.dense_0_bias
                0x0000000020000310       0x1c ./X-CUBE-AI/App/gesture.o
 .data.__compound_literal.18
                0x000000002000032c       0x10 ./X-CUBE-AI/App/gesture.o
 .data.__compound_literal.19
                0x000000002000033c       0x10 ./X-CUBE-AI/App/gesture.o
 .data.dense_1_weights
                0x000000002000034c       0x1c ./X-CUBE-AI/App/gesture.o
 .data.__compound_literal.20
                0x0000000020000368       0x10 ./X-CUBE-AI/App/gesture.o
 .data.__compound_literal.21
                0x0000000020000378       0x10 ./X-CUBE-AI/App/gesture.o
 .data.dense_1_bias
                0x0000000020000388       0x1c ./X-CUBE-AI/App/gesture.o
 .data.__compound_literal.22
                0x00000000200003a4       0x10 ./X-CUBE-AI/App/gesture.o
 .data.__compound_literal.23
                0x00000000200003b4       0x10 ./X-CUBE-AI/App/gesture.o
 .data.dense_2_weights
                0x00000000200003c4       0x1c ./X-CUBE-AI/App/gesture.o
 .data.__compound_literal.24
                0x00000000200003e0       0x10 ./X-CUBE-AI/App/gesture.o
 .data.__compound_literal.25
                0x00000000200003f0       0x10 ./X-CUBE-AI/App/gesture.o
 .data.dense_2_bias
                0x0000000020000400       0x1c ./X-CUBE-AI/App/gesture.o
 .data.__compound_literal.26
                0x000000002000041c        0x4 ./X-CUBE-AI/App/gesture.o
 .data.__compound_literal.27
                0x0000000020000420        0x4 ./X-CUBE-AI/App/gesture.o
 .data.__compound_literal.30
                0x0000000020000424       0x30 ./X-CUBE-AI/App/gesture.o
 .data.nl_3_layer
                0x0000000020000454       0x20 ./X-CUBE-AI/App/gesture.o
 .data.__compound_literal.31
                0x0000000020000474        0x4 ./X-CUBE-AI/App/gesture.o
 .data.__compound_literal.32
                0x0000000020000478        0x4 ./X-CUBE-AI/App/gesture.o
 .data.__compound_literal.33
                0x000000002000047c        0x8 ./X-CUBE-AI/App/gesture.o
 .data.__compound_literal.35
                0x0000000020000484       0x30 ./X-CUBE-AI/App/gesture.o
 .data.dense_2_layer
                0x00000000200004b4       0x1c ./X-CUBE-AI/App/gesture.o
 .data.__compound_literal.36
                0x00000000200004d0        0x4 ./X-CUBE-AI/App/gesture.o
 .data.__compound_literal.37
                0x00000000200004d4        0x4 ./X-CUBE-AI/App/gesture.o
 .data.__compound_literal.40
                0x00000000200004d8       0x30 ./X-CUBE-AI/App/gesture.o
 .data.nl_1_nl_layer
                0x0000000020000508       0x20 ./X-CUBE-AI/App/gesture.o
 .data.__compound_literal.41
                0x0000000020000528        0x4 ./X-CUBE-AI/App/gesture.o
 .data.__compound_literal.42
                0x000000002000052c        0x4 ./X-CUBE-AI/App/gesture.o
 .data.__compound_literal.43
                0x0000000020000530        0x8 ./X-CUBE-AI/App/gesture.o
 .data.__compound_literal.45
                0x0000000020000538       0x30 ./X-CUBE-AI/App/gesture.o
 .data.dense_1_layer
                0x0000000020000568       0x1c ./X-CUBE-AI/App/gesture.o
 .data.__compound_literal.46
                0x0000000020000584        0x4 ./X-CUBE-AI/App/gesture.o
 .data.__compound_literal.47
                0x0000000020000588        0x4 ./X-CUBE-AI/App/gesture.o
 .data.__compound_literal.50
                0x000000002000058c       0x30 ./X-CUBE-AI/App/gesture.o
 .data.nl_0_nl_layer
                0x00000000200005bc       0x20 ./X-CUBE-AI/App/gesture.o
 .data.__compound_literal.51
                0x00000000200005dc        0x4 ./X-CUBE-AI/App/gesture.o
 .data.__compound_literal.52
                0x00000000200005e0        0x4 ./X-CUBE-AI/App/gesture.o
 .data.__compound_literal.53
                0x00000000200005e4        0x8 ./X-CUBE-AI/App/gesture.o
 .data.__compound_literal.55
                0x00000000200005ec       0x30 ./X-CUBE-AI/App/gesture.o
 .data.dense_0_layer
                0x000000002000061c       0x1c ./X-CUBE-AI/App/gesture.o
 .data.__compound_literal.56
                0x0000000020000638       0x10 ./X-CUBE-AI/App/gesture.o
 .data.__compound_literal.57
                0x0000000020000648       0x1c ./X-CUBE-AI/App/gesture.o
 .data.__compound_literal.58
                0x0000000020000664       0x10 ./X-CUBE-AI/App/gesture.o
 .data.__compound_literal.59
                0x0000000020000674       0x1c ./X-CUBE-AI/App/gesture.o
 .data.__compound_literal.60
                0x0000000020000690        0x4 ./X-CUBE-AI/App/gesture.o
 .data.__compound_literal.64
                0x0000000020000694        0xc ./X-CUBE-AI/App/gesture.o
 .data.__compound_literal.65
                0x00000000200006a0        0x4 ./X-CUBE-AI/App/gesture.o
 .data.__compound_literal.69
                0x00000000200006a4        0xc ./X-CUBE-AI/App/gesture.o
 .data.__compound_literal.70
                0x00000000200006b0       0x18 ./X-CUBE-AI/App/gesture.o
 .data.g_gesture
                0x00000000200006c8       0x48 ./X-CUBE-AI/App/gesture.o
 .data.__compound_literal.0
                0x0000000020000710       0x10 ./X-CUBE-AI/App/gesture_data.o
 .data.g_gesture_data_map_activations
                0x0000000020000720       0x1c ./X-CUBE-AI/App/gesture_data.o
                0x0000000020000720                g_gesture_data_map_activations
 .data.__compound_literal.1
                0x000000002000073c       0x10 ./X-CUBE-AI/App/gesture_data.o
 .data.g_gesture_data_map_weights
                0x000000002000074c       0x1c ./X-CUBE-AI/App/gesture_data.o
                0x000000002000074c                g_gesture_data_map_weights
 .data._impure_ptr
                0x0000000020000768        0x4 c:/st/stm32cubeide_1.8.0/stm32cubeide/plugins/com.st.stm32cube.ide.mcu.externaltools.gnu-tools-for-stm32.9-2020-q2-update.win32_2.0.0.202105311346/tools/bin/../lib/gcc/arm-none-eabi/9.3.1/../../../../arm-none-eabi/lib/thumb/v7e-m+fp/hard\libc_nano.a(lib_a-impure.o)
                0x0000000020000768                _impure_ptr
 .data.impure_data
                0x000000002000076c       0x60 c:/st/stm32cubeide_1.8.0/stm32cubeide/plugins/com.st.stm32cube.ide.mcu.externaltools.gnu-tools-for-stm32.9-2020-q2-update.win32_2.0.0.202105311346/tools/bin/../lib/gcc/arm-none-eabi/9.3.1/../../../../arm-none-eabi/lib/thumb/v7e-m+fp/hard\libc_nano.a(lib_a-impure.o)
 .data.__fdlib_version
                0x00000000200007cc        0x1 c:/st/stm32cubeide_1.8.0/stm32cubeide/plugins/com.st.stm32cube.ide.mcu.externaltools.gnu-tools-for-stm32.9-2020-q2-update.win32_2.0.0.202105311346/tools/bin/../lib/gcc/arm-none-eabi/9.3.1/../../../../arm-none-eabi/lib/thumb/v7e-m+fp/hard\libm.a(lib_a-s_lib_ver.o)
                0x00000000200007cc                __fdlib_version
 *(.RamFunc)
 *(.RamFunc*)
                0x00000000200007d0                . = ALIGN (0x4)
 *fill*         0x00000000200007cd        0x3 
                0x00000000200007d0                _edata = .
                0x000000000800fe34                _siccmram = LOADADDR (.ccmram)

.igot.plt       0x00000000200007d0        0x0 load address 0x000000000800fe34
 .igot.plt      0x00000000200007d0        0x0 c:/st/stm32cubeide_1.8.0/stm32cubeide/plugins/com.st.stm32cube.ide.mcu.externaltools.gnu-tools-for-stm32.9-2020-q2-update.win32_2.0.0.202105311346/tools/bin/../lib/gcc/arm-none-eabi/9.3.1/thumb/v7e-m+fp/hard/crtbegin.o

.ccmram         0x0000000010000000        0x0 load address 0x000000000800fe34
                0x0000000010000000                . = ALIGN (0x4)
                0x0000000010000000                _sccmram = .
 *(.ccmram)
 *(.ccmram*)
                0x0000000010000000                . = ALIGN (0x4)
                0x0000000010000000                _eccmram = .
                0x0000000010000000                . = ALIGN (0x4)

.bss            0x00000000200007d0      0x568
                0x00000000200007d0                _sbss = .
                0x00000000200007d0                __bss_start__ = _sbss